Warning: Unable to use numba in PP-Tracking, please install numba, for example(python3.7): `pip install numba==0.56.4`
Warning: Unable to use numba in PP-Tracking, please install numba, for example(python3.7): `pip install numba==0.56.4`
loading annotations into memory...
Done (t=2.92s)
creating index...
index created!
[09/19 01:05:02] ppdet.data.source.coco INFO: Load [25000 samples valid, 0 samples invalid] in file dataset/coco/annotations/instances_train2017.json.
[09/19 01:05:03] reader WARNING: Shared memory size is less than 1G, disable shared_memory in DataLoader
[09/19 01:05:08] ppdet.utils.checkpoint INFO: Finish loading model weights: /root/.cache/paddle/weights/mask_rcnn_r50_1x_coco.pdparams
>>> [1024]
[09/19 01:05:10] ppdet.engine INFO: Epoch: [0] [    0/12500] learning_rate: 0.000000 loss_mask: 0.622554 loss_rpn_cls: 0.055514 loss_rpn_reg: 0.069844 loss_bbox_cls: 0.069423 loss_bbox_reg: 0.090773 loss: 0.908109 eta: 7:03:36 batch_cost: 2.0333 data_cost: 0.0012 ips: 0.9836 images/s
>>> [1024]
[09/19 01:05:13] ppdet.engine INFO: Epoch: [0] [    1/12500] learning_rate: 0.000000 loss_mask: 0.839459 loss_rpn_cls: 0.056942 loss_rpn_reg: 0.090224 loss_bbox_cls: 0.103803 loss_bbox_reg: 0.188499 loss: 1.278926 eta: 8:08:58 batch_cost: 2.6613 data_cost: 0.0006 ips: 0.7515 images/s
>>> [1024]
[09/19 01:05:14] ppdet.engine INFO: Epoch: [0] [    2/12500] learning_rate: 0.000000 loss_mask: 0.783016 loss_rpn_cls: 0.037051 loss_rpn_reg: 0.052605 loss_bbox_cls: 0.128699 loss_bbox_reg: 0.195624 loss: 1.196995 eta: 6:35:12 batch_cost: 0.9973 data_cost: 0.0022 ips: 2.0053 images/s
>>> [1024]
[09/19 01:05:15] ppdet.engine INFO: Epoch: [0] [    3/12500] learning_rate: 0.000000 loss_mask: 0.847386 loss_rpn_cls: 0.089631 loss_rpn_reg: 0.212720 loss_bbox_cls: 0.142469 loss_bbox_reg: 0.231792 loss: 1.523998 eta: 6:06:46 batch_cost: 1.3517 data_cost: 0.0014 ips: 1.4796 images/s
>>> [1024]
[09/19 01:05:16] ppdet.engine INFO: Epoch: [0] [    4/12500] learning_rate: 0.000000 loss_mask: 0.568308 loss_rpn_cls: 0.161784 loss_rpn_reg: 0.213811 loss_bbox_cls: 0.395578 loss_bbox_reg: 0.310961 loss: 1.650442 eta: 5:42:53 batch_cost: 1.1886 data_cost: 0.0008 ips: 1.6827 images/s
>>> [1024]
[09/19 01:05:17] ppdet.engine INFO: Epoch: [0] [    5/12500] learning_rate: 0.000001 loss_mask: 0.587367 loss_rpn_cls: 0.079397 loss_rpn_reg: 0.105611 loss_bbox_cls: 0.179487 loss_bbox_reg: 0.228007 loss: 1.179869 eta: 5:21:56 batch_cost: 1.0434 data_cost: 0.0009 ips: 1.9168 images/s
>>> [1024]
[09/19 01:05:18] ppdet.engine INFO: Epoch: [0] [    6/12500] learning_rate: 0.000001 loss_mask: 0.867867 loss_rpn_cls: 0.059122 loss_rpn_reg: 0.146459 loss_bbox_cls: 0.075561 loss_bbox_reg: 0.141039 loss: 1.290048 eta: 5:08:45 batch_cost: 1.1039 data_cost: 0.0007 ips: 1.8118 images/s
>>> [1024]
[09/19 01:05:20] ppdet.engine INFO: Epoch: [0] [    7/12500] learning_rate: 0.000001 loss_mask: 0.605885 loss_rpn_cls: 0.080696 loss_rpn_reg: 0.031209 loss_bbox_cls: 0.144822 loss_bbox_reg: 0.222940 loss: 1.085553 eta: 5:05:37 batch_cost: 1.3634 data_cost: 0.0015 ips: 1.4670 images/s
>>> [1024]
[09/19 01:05:21] ppdet.engine INFO: Epoch: [0] [    8/12500] learning_rate: 0.000001 loss_mask: 0.757991 loss_rpn_cls: 0.036100 loss_rpn_reg: 0.273839 loss_bbox_cls: 0.045802 loss_bbox_reg: 0.076565 loss: 1.190296 eta: 4:56:20 batch_cost: 1.0675 data_cost: 0.0006 ips: 1.8736 images/s
>>> [1024]
[09/19 01:05:22] ppdet.engine INFO: Epoch: [0] [    9/12500] learning_rate: 0.000001 loss_mask: 0.710252 loss_rpn_cls: 0.191704 loss_rpn_reg: 0.208533 loss_bbox_cls: 0.206350 loss_bbox_reg: 0.191876 loss: 1.508716 eta: 4:50:09 batch_cost: 1.1270 data_cost: 0.0006 ips: 1.7746 images/s
>>> [1024]
[09/19 01:05:24] ppdet.engine INFO: Epoch: [0] [   10/12500] learning_rate: 0.000001 loss_mask: 0.626219 loss_rpn_cls: 0.103481 loss_rpn_reg: 0.116287 loss_bbox_cls: 0.288654 loss_bbox_reg: 0.244832 loss: 1.379472 eta: 5:02:07 batch_cost: 2.0273 data_cost: 1.2778 ips: 0.9865 images/s
>>> [1024]
[09/19 01:05:25] ppdet.engine INFO: Epoch: [0] [   11/12500] learning_rate: 0.000001 loss_mask: 0.909991 loss_rpn_cls: 0.059547 loss_rpn_reg: 0.125741 loss_bbox_cls: 0.210694 loss_bbox_reg: 0.185220 loss: 1.491193 eta: 4:48:26 batch_cost: 0.6644 data_cost: 0.0010 ips: 3.0103 images/s
>>> [1024]
[09/19 01:05:25] ppdet.engine INFO: Epoch: [0] [   12/12500] learning_rate: 0.000001 loss_mask: 0.835719 loss_rpn_cls: 0.049959 loss_rpn_reg: 0.114953 loss_bbox_cls: 0.263718 loss_bbox_reg: 0.293199 loss: 1.557548 eta: 4:37:17 batch_cost: 0.6911 data_cost: 0.0012 ips: 2.8940 images/s
>>> [1024]
[09/19 01:05:26] ppdet.engine INFO: Epoch: [0] [   13/12500] learning_rate: 0.000001 loss_mask: 1.052295 loss_rpn_cls: 0.051671 loss_rpn_reg: 0.083271 loss_bbox_cls: 0.116110 loss_bbox_reg: 0.143878 loss: 1.447225 eta: 4:27:43 batch_cost: 0.6896 data_cost: 0.0007 ips: 2.9004 images/s
>>> [1024]
[09/19 01:05:27] ppdet.engine INFO: Epoch: [0] [   14/12500] learning_rate: 0.000001 loss_mask: 0.406137 loss_rpn_cls: 0.066131 loss_rpn_reg: 0.099213 loss_bbox_cls: 0.193172 loss_bbox_reg: 0.275174 loss: 1.039828 eta: 4:19:51 batch_cost: 0.7207 data_cost: 0.0007 ips: 2.7752 images/s
>>> [1024]
[09/19 01:05:28] ppdet.engine INFO: Epoch: [0] [   15/12500] learning_rate: 0.000002 loss_mask: 1.027408 loss_rpn_cls: 0.057652 loss_rpn_reg: 0.042418 loss_bbox_cls: 0.155165 loss_bbox_reg: 0.226762 loss: 1.509404 eta: 4:12:42 batch_cost: 0.7006 data_cost: 0.0011 ips: 2.8548 images/s
>>> [1024]
[09/19 01:05:28] ppdet.engine INFO: Epoch: [0] [   16/12500] learning_rate: 0.000002 loss_mask: 0.902208 loss_rpn_cls: 0.068485 loss_rpn_reg: 0.073159 loss_bbox_cls: 0.126046 loss_bbox_reg: 0.253311 loss: 1.423209 eta: 4:06:30 batch_cost: 0.7106 data_cost: 0.0006 ips: 2.8147 images/s
>>> [1024]
[09/19 01:05:29] ppdet.engine INFO: Epoch: [0] [   17/12500] learning_rate: 0.000002 loss_mask: 0.872180 loss_rpn_cls: 0.031122 loss_rpn_reg: 0.067521 loss_bbox_cls: 0.093850 loss_bbox_reg: 0.127267 loss: 1.191941 eta: 4:00:54 batch_cost: 0.7017 data_cost: 0.0008 ips: 2.8504 images/s
>>> [1024]
[09/19 01:05:30] ppdet.engine INFO: Epoch: [0] [   18/12500] learning_rate: 0.000002 loss_mask: 0.462116 loss_rpn_cls: 0.087871 loss_rpn_reg: 0.280695 loss_bbox_cls: 0.110749 loss_bbox_reg: 0.104326 loss: 1.045757 eta: 3:56:19 batch_cost: 0.7405 data_cost: 0.0006 ips: 2.7008 images/s
>>> [1024]
-------------------Device Summary-------------------
------------------------------  --------------------  
Device                          Utilization (%)       
------------------------------  --------------------  
CPU(Process)                    104.71                
CPU(System)                     4.75                  
GPU0                            92.43                 
------------------------------  --------------------  
Note:
CPU(Process) Utilization = Current process CPU time over all cpu cores / elapsed time, so max utilization can be reached 100% * number of cpu cores.
CPU(System) Utilization = All processes CPU time over all cpu cores(busy time) / (busy time + idle time).
GPU Utilization = Current process GPU time / elapsed time.
----------------------------------------------------


---------------------------------------------Overview Summary---------------------------------------------
Time unit: ms
-------------------------  -------------------------  -------------------------  -------------------------  
Event Type                 Calls                      CPU Time                   Ratio (%)                  
-------------------------  -------------------------  -------------------------  -------------------------  
ProfileStep                10                         7026.69                    100.00                     
  CudaRuntime              75021                      6253.35                    88.99                      
  UserDefined              8959                       6179.85                    87.95                      
  Operator                 11918                      6138.68                    87.36                      
  Backward                 10                         3814.13                    54.28                      
  Forward                  10                         2659.62                    37.85                      
  PythonUserDefined        200                        2449.65                    34.86                      
  OperatorInner            24716                      2249.05                    32.01                      
  Optimization             10                         20.74                      0.30                       
  Dataloader               9                          7.44                       0.11                       
-------------------------  -------------------------  -------------------------  -------------------------  
                           Calls                      GPU Time                   Ratio (%)                  
-------------------------  -------------------------  -------------------------  -------------------------  
  Kernel                   14558                      6494.84                    92.43                      
  Memcpy                   2995                       134.61                     1.92                       
  Memset                   540                        2.55                       0.04                       
-------------------------  -------------------------  -------------------------  -------------------------  
Note:
In this table, We sum up all collected events in terms of event type.
The time of events collected on host are presented as CPU Time, and as GPU Time if on device.
Events with different types may overlap or inclusion, e.g. Operator includes OperatorInner, so the sum of ratios is not 100%.
The time of events in the same type with overlap will not calculate twice, and all time is summed after merged.
Example:
Thread 1:
  Operator: |___________|     |__________|
Thread 2:
  Operator:   |____________|     |___|
After merged:
  Result:   |______________|  |__________|

----------------------------------------------------------------------------------------------------------


--------------------------------------------------Model Summary--------------------------------------------------
Time unit: ms
---------------  ------  -------------------------------------------  -------------------------------------------  
Name             Calls   CPU Total / Avg / Max / Min / Ratio(%)       GPU Total / Avg / Max / Min / Ratio(%)       
---------------  ------  -------------------------------------------  -------------------------------------------  
ProfileStep      10      7026.69 / 702.67 / 724.49 / 671.33 / 100.00  6494.84 / 649.48 / 692.85 / 609.89 / 100.00  
  Dataloader     9       7.44 / 0.83 / 1.16 / 0.54 / 0.11             0.00 / 0.00 / 0.00 / 0.00 / 0.00             
  Forward        10      2659.62 / 265.96 / 278.39 / 248.82 / 37.85   2167.91 / 216.79 / 230.81 / 202.89 / 33.38   
  Backward       10      3814.13 / 381.41 / 391.63 / 374.03 / 54.28   4313.09 / 431.31 / 460.94 / 405.58 / 66.41   
  Optimization   10      20.74 / 2.07 / 5.02 / 1.55 / 0.30            10.97 / 1.10 / 1.10 / 1.09 / 0.17            
  Others         -       524.76 / - / - / - / 7.47                    2.87 / - / - / - / 0.04                      
---------------  ------  -------------------------------------------  -------------------------------------------  
Note:
In this table, GPU time is the sum of all device(GPU) events called in the phase.
Unlike overview summary, if two device(GPU) events execute on different streams with overlap time, we sum them directly here.

-----------------------------------------------------------------------------------------------------------------


-----------------------------------------------------------------------Operator Summary-----------------------------------------------------------------------
Time unit: ms
----------------------------------------------------  ------  ------------------------------------------  ----------------------------------------  ----------  
Name                                                  Calls   CPU Total / Avg / Max / Min / Ratio(%)      GPU Total / Avg / Max / Min / Ratio(%)    FLOPs       
----------------------------------------------------  ------  ------------------------------------------  ----------------------------------------  ----------  
------------------------------------------------------------------Thread: All threads merged------------------------------------------------------------------
Conv2dGradNodeFinal                                   460     136.74 / 0.30 / 1.20 / 0.10 / 2.23          3732.17 / 8.11 / 59.24 / 0.15 / 56.32     0           
  conv2d_grad infer_meta                              460     0.31 / 0.00 / 0.01 / 0.00 / 0.22            0.00 / 0.00 / 0.00 / 0.00 / 0.00          -           
  conv2d_grad compute                                 460     128.73 / 0.28 / 1.18 / 0.09 / 94.14         3657.64 / 7.95 / 59.24 / 0.15 / 98.00     -           
    MEMSET                                            480     - / - / - / - / -                           2.27 / 0.00 / 0.04 / 0.00 / 0.06          -           
    void wgrad_alg0_engine<float, 128, 6, 8, 3, 3...  36      - / - / - / - / -                           30.97 / 0.86 / 1.90 / 0.45 / 0.85         -           
    void cudnn::ops::scalePackedTensor_kernel<flo...  84      - / - / - / - / -                           35.03 / 0.42 / 1.34 / 0.01 / 0.96         -           
    void cudnn::detail::dgrad_engine<float, 128, ...  31      - / - / - / - / -                           22.03 / 0.71 / 1.94 / 0.35 / 0.60         -           
    void wgrad_alg0_engine<float, 512, 6, 5, 3, 3...  6       - / - / - / - / -                           6.68 / 1.11 / 1.32 / 0.89 / 0.18          -           
    void cask_cudnn::computeOffsetsKernel<true, f...  272     - / - / - / - / -                           1.03 / 0.00 / 0.00 / 0.00 / 0.03          -           
    cask_cudnn::computeBOffsetsKernel(cask_cudnn:...  272     - / - / - / - / -                           0.83 / 0.00 / 0.00 / 0.00 / 0.02          -           
    volta_scudnn_128x64_stridedB_small_nn_v1          111     - / - / - / - / -                           38.92 / 0.35 / 1.17 / 0.05 / 1.06         -           
    void wgrad_alg0_engine<float, 128, 6, 7, 3, 3...  204     - / - / - / - / -                           106.00 / 0.52 / 10.61 / 0.19 / 2.90       -           
    volta_scudnn_128x128_stridedB_medium_nn_v1        134     - / - / - / - / -                           426.43 / 3.18 / 8.09 / 0.08 / 11.66       -           
    void cudnn::winograd::generateWinogradTilesKe...  84      - / - / - / - / -                           1.99 / 0.02 / 0.14 / 0.01 / 0.05          -           
    volta_scudnn_winograd_128x128_ldg1_ldg4_relu_...  84      - / - / - / - / -                           84.79 / 1.01 / 7.48 / 0.25 / 2.32         -           
    void cudnn::winograd_nonfused::winogradWgradD...  88      - / - / - / - / -                           5.83 / 0.07 / 0.23 / 0.03 / 0.16          -           
    void cudnn::winograd_nonfused::winogradWgradD...  88      - / - / - / - / -                           5.74 / 0.07 / 0.22 / 0.03 / 0.16          -           
    volta_sgemm_64x64_nt                              80      - / - / - / - / -                           21.36 / 0.27 / 0.52 / 0.14 / 0.58         -           
    void cudnn::winograd_nonfused::winogradWgradO...  88      - / - / - / - / -                           3.27 / 0.04 / 0.26 / 0.01 / 0.09          -           
    void cudnn::detail::dgrad_alg1_engine<float, ...  10      - / - / - / - / -                           41.80 / 4.18 / 5.23 / 2.49 / 1.14         -           
    cask_cudnn::computeWgradSplitKOffsetsKernel(c...  108     - / - / - / - / -                           0.36 / 0.00 / 0.00 / 0.00 / 0.01          -           
    cask_cudnn::computeWgradBOffsetsKernel(cask_c...  108     - / - / - / - / -                           0.34 / 0.00 / 0.00 / 0.00 / 0.01          -           
    volta_scudnn_128x128_stridedB_splitK_medium_n...  4       - / - / - / - / -                           2.97 / 0.74 / 0.91 / 0.43 / 0.08          -           
    void cudnn::detail::dgrad_engine<float, 512, ...  40      - / - / - / - / -                           742.25 / 18.56 / 28.22 / 0.30 / 20.29     -           
    volta_scudnn_128x128_stridedB_splitK_small_nn_v1  100     - / - / - / - / -                           1649.58 / 16.50 / 33.60 / 9.87 / 45.10    -           
    void cudnn::ops::nchwToNhwcKernel<float, floa...  48      - / - / - / - / -                           6.61 / 0.14 / 0.26 / 0.03 / 0.18          -           
    volta_scudnn_128x128_dgrad_exp_small_nhwc_tt_v1   21      - / - / - / - / -                           358.71 / 17.08 / 17.36 / 13.79 / 9.81     -           
    void cudnn::ops::nhwcToNchwKernel<float, floa...  27      - / - / - / - / -                           6.47 / 0.24 / 0.31 / 0.03 / 0.18          -           
    volta_sgemm_32x128_nt                             8       - / - / - / - / -                           21.27 / 2.66 / 3.60 / 1.76 / 0.58         -           
    void wgrad_alg0_engine<float, 128, 5, 5, 3, 3...  17      - / - / - / - / -                           4.29 / 0.25 / 0.60 / 0.09 / 0.12          -           
    void cudnn::cnn::wgrad_alg1_engine<float, flo...  1       - / - / - / - / -                           14.62 / 14.62 / 14.62 / 14.62 / 0.40      -           
    volta_scudnn_128x64_stridedB_splitK_xregs_lar...  4       - / - / - / - / -                           3.24 / 0.81 / 0.99 / 0.61 / 0.09          -           
    volta_scudnn_128x128_dgrad_exp_interior_nhwc_...  6       - / - / - / - / -                           2.45 / 0.41 / 0.41 / 0.41 / 0.07          -           
    void cudnn::detail::dgrad_alg1_engine<float, ...  3       - / - / - / - / -                           9.54 / 3.18 / 3.75 / 2.62 / 0.26          -           
  void phi::funcs::VectorizedBroadcastKernel<phi:...  130     - / - / - / - / -                           74.54 / 0.57 / 2.96 / 0.07 / 2.00         -           
conv2d dygraph                                        570     135.81 / 0.24 / 3.24 / 0.09 / 2.21          1565.59 / 2.75 / 19.40 / 0.08 / 23.62     0           
  conv2d infer_meta                                   570     2.03 / 0.00 / 0.02 / 0.00 / 1.49            0.00 / 0.00 / 0.00 / 0.00 / 0.00          -           
  conv2d compute                                      570     108.26 / 0.19 / 1.03 / 0.08 / 79.71         1547.57 / 2.72 / 19.40 / 0.08 / 98.85     -           
    void cask_cudnn::computeOffsetsKernel<false, ...  439     - / - / - / - / -                           1.67 / 0.00 / 0.01 / 0.00 / 0.11          -           
    volta_scudnn_128x32_relu_interior_nn_v1           9       - / - / - / - / -                           1.58 / 0.18 / 0.26 / 0.13 / 0.10          -           
    volta_scudnn_128x64_relu_interior_nn_v1           311     - / - / - / - / -                           637.14 / 2.05 / 15.56 / 0.08 / 41.17      -           
    volta_scudnn_128x32_relu_small_nn_v1              20      - / - / - / - / -                           382.27 / 19.11 / 19.40 / 18.88 / 24.70    -           
    void implicit_convolve_sgemm<float, float, 51...  10      - / - / - / - / -                           185.77 / 18.58 / 18.79 / 18.46 / 12.00    -           
    volta_scudnn_128x64_relu_xregs_large_nn_v1        25      - / - / - / - / -                           190.81 / 7.63 / 18.31 / 0.53 / 12.33      -           
    void cudnn::winograd::generateWinogradTilesKe...  108     - / - / - / - / -                           2.36 / 0.02 / 0.15 / 0.00 / 0.15          -           
    volta_scudnn_winograd_128x128_ldg1_ldg4_relu_...  108     - / - / - / - / -                           103.63 / 0.96 / 8.65 / 0.25 / 6.70        -           
    volta_scudnn_128x128_relu_small_nn_v1             37      - / - / - / - / -                           18.95 / 0.51 / 0.92 / 0.21 / 1.22         -           
    volta_scudnn_128x64_relu_medium_nn_v1             35      - / - / - / - / -                           18.66 / 0.53 / 1.03 / 0.09 / 1.21         -           
    volta_scudnn_128x32_relu_medium_nn_v1             1       - / - / - / - / -                           0.07 / 0.07 / 0.07 / 0.07 / 0.00          -           
    void implicit_convolve_sgemm<float, float, 10...  5       - / - / - / - / -                           0.64 / 0.13 / 0.14 / 0.12 / 0.04          -           
    void cask_cudnn::computeOffsetsKernel3D<false...  5       - / - / - / - / -                           0.02 / 0.00 / 0.01 / 0.00 / 0.00          -           
    cask_cudnn::computeBOffsetsKernel(cask_cudnn:...  5       - / - / - / - / -                           0.02 / 0.00 / 0.00 / 0.00 / 0.00          -           
    MEMSET                                            10      - / - / - / - / -                           0.10 / 0.01 / 0.02 / 0.00 / 0.01          -           
    volta_scudnn_128x64_3dconv_fprop_small_nn_v1      4       - / - / - / - / -                           1.99 / 0.50 / 0.97 / 0.34 / 0.13          -           
    void cudnn::ops::nchwToNhwcKernel<float, floa...  2       - / - / - / - / -                           0.08 / 0.04 / 0.07 / 0.01 / 0.01          -           
    volta_scudnn_128x32_sliced1x4_ldg4_relu_exp_m...  1       - / - / - / - / -                           0.60 / 0.60 / 0.60 / 0.60 / 0.04          -           
    void cudnn::ops::nhwcToNchwKernel<float, floa...  1       - / - / - / - / -                           0.02 / 0.02 / 0.02 / 0.02 / 0.00          -           
    void cudnn::cnn::kern_precompute_indices<fals...  3       - / - / - / - / -                           0.02 / 0.01 / 0.01 / 0.01 / 0.00          -           
    void precomputed_convolve_sgemm<float, 1024, ...  3       - / - / - / - / -                           0.30 / 0.10 / 0.10 / 0.10 / 0.02          -           
    volta_scudnn_128x32_3dconv_fprop_small_nn_v1      1       - / - / - / - / -                           0.87 / 0.87 / 0.87 / 0.87 / 0.06          -           
  conv2d node_creation                                460     2.64 / 0.01 / 0.06 / 0.00 / 1.94            0.00 / 0.00 / 0.00 / 0.00 / 0.00          -           
  GpuMemcpySync:CUDAPinned->GPU                       10      18.41 / 1.84 / 2.57 / 1.21 / 13.56          18.02 / 1.80 / 2.50 / 1.18 / 1.15         -           
    MEMCPY_HtoD                                       10      - / - / - / - / -                           18.02 / 1.80 / 2.50 / 1.18 / 100.00       -           
RoiAlignGradNode                                      10      3617.95 / 361.80 / 371.12 / 352.99 / 58.93  249.62 / 24.96 / 36.32 / 19.46 / 3.77     0           
  GpuMemcpySync:CPU->GPU                              10      0.44 / 0.04 / 0.06 / 0.02 / 0.01            0.01 / 0.00 / 0.00 / 0.00 / 0.00          -           
    MEMCPY_HtoD                                       10      - / - / - / - / -                           0.01 / 0.00 / 0.00 / 0.00 / 100.00        -           
  roi_align_grad infer_meta                           10      0.03 / 0.00 / 0.00 / 0.00 / 0.00            0.00 / 0.00 / 0.00 / 0.00 / 0.00          -           
  roi_align_grad compute                              10      1.10 / 0.11 / 0.14 / 0.07 / 0.03            248.49 / 24.85 / 36.19 / 19.38 / 99.55    -           
    void Eigen::internal::EigenMetaKernel<Eigen::...  10      - / - / - / - / -                           0.38 / 0.04 / 0.05 / 0.02 / 0.15          -           
    void phi::GPURoiAlignBackward<float>(int, flo...  10      - / - / - / - / -                           248.09 / 24.81 / 36.14 / 19.36 / 99.84    -           
  void phi::funcs::VectorizedBroadcastKernel<phi:...  10      - / - / - / - / -                           1.11 / 0.11 / 0.15 / 0.07 / 0.45          -           
batch_norm dygraph                                    530     24.60 / 0.05 / 0.23 / 0.03 / 0.40           236.22 / 0.45 / 3.30 / 0.01 / 3.56        0           
  batch_norm infer_meta                               530     1.17 / 0.00 / 0.01 / 0.00 / 4.77            0.00 / 0.00 / 0.00 / 0.00 / 0.00          -           
  batch_norm compute                                  530     11.88 / 0.02 / 0.12 / 0.02 / 48.30          236.22 / 0.45 / 3.30 / 0.01 / 100.00      -           
    void cudnn::bn_fw_inf_1C11_kernel_NCHW<float,...  530     - / - / - / - / -                           236.22 / 0.45 / 3.30 / 0.01 / 100.00      -           
  batch_norm node_creation                            420     3.36 / 0.01 / 0.05 / 0.01 / 13.65           0.00 / 0.00 / 0.00 / 0.00 / 0.00          -           
BatchNormGradNode                                     420     13.68 / 0.03 / 0.06 / 0.02 / 0.22           123.28 / 0.29 / 1.53 / 0.02 / 1.86        0           
  batch_norm_grad infer_meta                          420     0.21 / 0.00 / 0.00 / 0.00 / 1.54            0.00 / 0.00 / 0.00 / 0.00 / 0.00          -           
  batch_norm_grad compute                             420     5.05 / 0.01 / 0.03 / 0.01 / 36.94           123.28 / 0.29 / 1.53 / 0.02 / 100.00      -           
    void phi::KeBNBackwardData<float, (phi::DataL...  420     - / - / - / - / -                           123.28 / 0.29 / 1.53 / 0.02 / 100.00      -           
ReluGradNode                                          410     9.65 / 0.02 / 0.05 / 0.01 / 0.16            106.06 / 0.26 / 1.49 / 0.02 / 1.60        0           
  relu_grad infer_meta                                410     0.36 / 0.00 / 0.00 / 0.00 / 3.76            0.00 / 0.00 / 0.00 / 0.00 / 0.00          -           
  relu_grad compute                                   410     4.38 / 0.01 / 0.03 / 0.01 / 45.41           106.06 / 0.26 / 1.49 / 0.02 / 100.00      -           
    void phi::funcs::VectorizedElementwiseKernel<...  410     - / - / - / - / -                           106.06 / 0.26 / 1.49 / 0.02 / 100.00      -           
roi_align dygraph                                     10      1.05 / 0.10 / 0.13 / 0.09 / 0.02            102.90 / 10.29 / 12.67 / 9.17 / 1.55      0           
  GpuMemcpySync:CPU->GPU                              10      0.19 / 0.02 / 0.02 / 0.02 / 17.99           0.01 / 0.00 / 0.00 / 0.00 / 0.01          -           
    MEMCPY_HtoD                                       10      - / - / - / - / -                           0.01 / 0.00 / 0.00 / 0.00 / 100.00        -           
  roi_align infer_meta                                10      0.01 / 0.00 / 0.00 / 0.00 / 1.33            0.00 / 0.00 / 0.00 / 0.00 / 0.00          -           
  roi_align compute                                   10      0.57 / 0.06 / 0.07 / 0.05 / 54.02           102.89 / 10.29 / 12.67 / 9.17 / 99.99     -           
    void phi::GPURoiAlignForward<float>(int, floa...  10      - / - / - / - / -                           102.86 / 10.29 / 12.67 / 9.17 / 99.97     -           
  roi_align node_creation                             10      0.06 / 0.01 / 0.02 / 0.00 / 6.18            0.00 / 0.00 / 0.00 / 0.00 / 0.00          -           
generate_proposals dygraph                            20      147.07 / 7.35 / 9.59 / 6.11 / 2.40          99.18 / 4.96 / 5.68 / 4.27 / 1.50         0           
  generate_proposals infer_meta                       20      0.01 / 0.00 / 0.00 / 0.00 / 0.01            0.00 / 0.00 / 0.00 / 0.00 / 0.00          -           
  generate_proposals compute                          20      146.85 / 7.34 / 9.58 / 6.11 / 99.85         99.18 / 4.96 / 5.68 / 4.27 / 100.00       -           
    void Eigen::internal::EigenMetaKernel<Eigen::...  40      - / - / - / - / -                           0.19 / 0.00 / 0.01 / 0.00 / 0.19          -           
    void phi::funcs::ForRangeElemwiseOp<phi::func...  20      - / - / - / - / -                           0.06 / 0.00 / 0.00 / 0.00 / 0.06          -           
    void cub::DeviceRadixSortUpsweepKernel<cub::D...  60      - / - / - / - / -                           0.51 / 0.01 / 0.01 / 0.01 / 0.52          -           
    void cub::RadixSortScanBinsKernel<cub::Device...  100     - / - / - / - / -                           2.07 / 0.02 / 0.02 / 0.02 / 2.09          -           
    void cub::DeviceRadixSortDownsweepKernel<cub:...  60      - / - / - / - / -                           1.27 / 0.02 / 0.04 / 0.02 / 1.28          -           
    void cub::DeviceRadixSortUpsweepKernel<cub::D...  40      - / - / - / - / -                           0.40 / 0.01 / 0.01 / 0.01 / 0.40          -           
    void cub::DeviceRadixSortDownsweepKernel<cub:...  40      - / - / - / - / -                           0.90 / 0.02 / 0.03 / 0.02 / 0.90          -           
    void phi::funcs::ForRangeElemwiseOp<phi::BoxD...  20      - / - / - / - / -                           0.22 / 0.01 / 0.01 / 0.01 / 0.22          -           
    void phi::FilterBBoxes<float, 512>(float cons...  20      - / - / - / - / -                           3.76 / 0.19 / 0.20 / 0.18 / 3.79          -           
    void phi::funcs::GatherCUDAKernel<float, int>...  80      - / - / - / - / -                           0.31 / 0.00 / 0.00 / 0.00 / 0.31          -           
    phi::NMSKernel(int, float, float const*, unsi...  20      - / - / - / - / -                           19.53 / 0.98 / 1.07 / 0.77 / 19.70        -           
relu dygraph                                          510     11.19 / 0.02 / 0.09 / 0.01 / 0.18           88.38 / 0.17 / 1.01 / 0.01 / 1.33         0           
  relu infer_meta                                     510     0.38 / 0.00 / 0.00 / 0.00 / 3.43            0.00 / 0.00 / 0.00 / 0.00 / 0.00          -           
  relu compute                                        510     6.93 / 0.01 / 0.06 / 0.01 / 61.93           88.38 / 0.17 / 1.01 / 0.01 / 100.00       -           
    void phi::funcs::VectorizedElementwiseKernel<...  510     - / - / - / - / -                           88.38 / 0.17 / 1.01 / 0.01 / 100.00       -           
  relu node_creation                                  410     0.82 / 0.00 / 0.01 / 0.00 / 7.33            0.00 / 0.00 / 0.00 / 0.00 / 0.00          -           
add dygraph                                           410     9.90 / 0.02 / 0.06 / 0.01 / 0.16            75.81 / 0.18 / 1.49 / 0.00 / 1.14         0           
  add infer_meta                                      410     0.52 / 0.00 / 0.01 / 0.00 / 5.21            0.00 / 0.00 / 0.00 / 0.00 / 0.00          -           
  add compute                                         410     6.22 / 0.02 / 0.04 / 0.01 / 62.85           75.81 / 0.18 / 1.49 / 0.00 / 100.00       -           
    void phi::funcs::VectorizedBroadcastKernel<ph...  76      - / - / - / - / -                           2.08 / 0.03 / 0.12 / 0.01 / 2.74          -           
    void phi::funcs::VectorizedBroadcastKernel<ph...  280     - / - / - / - / -                           73.40 / 0.26 / 1.49 / 0.00 / 96.81        -           
    void phi::funcs::VectorizedBroadcastKernel<ph...  10      - / - / - / - / -                           0.04 / 0.00 / 0.00 / 0.00 / 0.06          -           
    void phi::funcs::VectorizedBroadcastKernel<ph...  44      - / - / - / - / -                           0.30 / 0.01 / 0.01 / 0.00 / 0.39          -           
  add node_creation                                   200     0.87 / 0.00 / 0.01 / 0.00 / 8.78            0.00 / 0.00 / 0.00 / 0.00 / 0.00          -           
Conv2dTransposeGradNode                               10      9.48 / 0.95 / 1.06 / 0.87 / 0.15            48.21 / 4.82 / 7.44 / 2.26 / 0.73         0           
  conv2d_transpose_grad infer_meta                    10      0.01 / 0.00 / 0.00 / 0.00 / 0.13            0.00 / 0.00 / 0.00 / 0.00 / 0.00          -           
  conv2d_transpose_grad compute                       10      9.26 / 0.93 / 1.03 / 0.85 / 97.68           48.21 / 4.82 / 7.44 / 2.26 / 100.00       -           
    void cask_cudnn::computeOffsetsKernel<false, ...  10      - / - / - / - / -                           0.04 / 0.00 / 0.00 / 0.00 / 0.08          -           
    volta_scudnn_128x128_relu_small_nn_v1             7       - / - / - / - / -                           18.70 / 2.67 / 3.65 / 2.39 / 38.80        -           
    cask_cudnn::computeWgradSplitKOffsetsKernel(c...  10      - / - / - / - / -                           0.04 / 0.00 / 0.00 / 0.00 / 0.08          -           
    cask_cudnn::computeWgradBOffsetsKernel(cask_c...  10      - / - / - / - / -                           0.04 / 0.00 / 0.00 / 0.00 / 0.08          -           
    MEMSET                                            20      - / - / - / - / -                           0.15 / 0.01 / 0.02 / 0.00 / 0.31          -           
    volta_scudnn_128x128_stridedB_splitK_small_nn_v1  7       - / - / - / - / -                           18.49 / 2.64 / 3.76 / 2.21 / 38.35        -           
    volta_scudnn_128x64_relu_interior_nn_v1           1       - / - / - / - / -                           1.20 / 1.20 / 1.20 / 1.20 / 2.49          -           
    volta_scudnn_128x128_stridedB_splitK_medium_n...  3       - / - / - / - / -                           4.97 / 1.66 / 2.06 / 1.03 / 10.31         -           
    void cudnn::ops::nchwToNhwcKernel<float, floa...  4       - / - / - / - / -                           0.24 / 0.06 / 0.07 / 0.06 / 0.49          -           
    volta_scudnn_128x32_sliced1x4_ldg4_relu_exp_m...  2       - / - / - / - / -                           4.06 / 2.03 / 2.17 / 1.89 / 8.42          -           
    void cudnn::ops::nhwcToNchwKernel<float, floa...  2       - / - / - / - / -                           0.29 / 0.14 / 0.15 / 0.13 / 0.59          -           
AddGradNode                                           200     7.19 / 0.04 / 0.07 / 0.03 / 0.12            45.11 / 0.23 / 1.06 / 0.01 / 0.68         0           
  add_grad infer_meta                                 200     0.13 / 0.00 / 0.01 / 0.00 / 1.77            0.00 / 0.00 / 0.00 / 0.00 / 0.00          -           
  add_grad compute                                    200     5.06 / 0.03 / 0.06 / 0.02 / 70.29           45.11 / 0.23 / 1.06 / 0.01 / 100.00       -           
    void phi::funcs::ReduceAnyKernel<float, float...  50      - / - / - / - / -                           1.45 / 0.03 / 0.08 / 0.01 / 3.21          -           
    void phi::funcs::ReduceHigherDimKernel<float,...  90      - / - / - / - / -                           0.89 / 0.01 / 0.04 / 0.00 / 1.98          -           
Pool2dGradNode                                        10      0.54 / 0.05 / 0.07 / 0.05 / 0.01            39.99 / 4.00 / 4.01 / 3.99 / 0.60         0           
  pool2d_grad infer_meta                              10      0.01 / 0.00 / 0.00 / 0.00 / 1.18            0.00 / 0.00 / 0.00 / 0.00 / 0.00          -           
  pool2d_grad compute                                 10      0.30 / 0.03 / 0.04 / 0.03 / 55.92           25.13 / 2.51 / 2.53 / 2.51 / 62.85        -           
    void Eigen::internal::EigenMetaKernel<Eigen::...  10      - / - / - / - / -                           5.07 / 0.51 / 0.52 / 0.50 / 20.18         -           
    void phi::funcs::KernelPool2DGrad<float, phi:...  10      - / - / - / - / -                           20.06 / 2.01 / 2.02 / 2.00 / 79.82        -           
  void phi::funcs::VectorizedBroadcastKernel<phi:...  10      - / - / - / - / -                           14.86 / 1.49 / 1.49 / 1.48 / 37.15        -           
conv2d_transpose dygraph                              10      4.03 / 0.40 / 0.50 / 0.34 / 0.07            34.78 / 3.48 / 5.62 / 1.58 / 0.52         0           
  conv2d_transpose infer_meta                         10      0.07 / 0.01 / 0.01 / 0.01 / 1.70            0.00 / 0.00 / 0.00 / 0.00 / 0.00          -           
  conv2d_transpose compute                            10      3.82 / 0.38 / 0.47 / 0.32 / 94.67           34.78 / 3.48 / 5.62 / 1.58 / 100.00       -           
    void cudnn::ops::scalePackedTensor_kernel<flo...  10      - / - / - / - / -                           0.47 / 0.05 / 0.07 / 0.02 / 1.35          -           
    void cudnn::detail::dgrad_engine<float, 512, ...  10      - / - / - / - / -                           34.31 / 3.43 / 5.55 / 1.55 / 98.65        -           
  conv2d_transpose node_creation                      10      0.05 / 0.01 / 0.01 / 0.00 / 1.27            0.00 / 0.00 / 0.00 / 0.00 / 0.00          -           
pool2d dygraph                                        20      1.03 / 0.05 / 0.07 / 0.04 / 0.02            15.72 / 0.79 / 1.27 / 0.20 / 0.24         0           
  pool2d infer_meta                                   20      0.11 / 0.01 / 0.01 / 0.00 / 10.86           0.00 / 0.00 / 0.00 / 0.00 / 0.00          -           
  pool2d compute                                      20      0.72 / 0.04 / 0.06 / 0.03 / 69.65           15.72 / 0.79 / 1.27 / 0.20 / 100.00       -           
    void phi::funcs::ReduceAnyKernel<float, float...  10      - / - / - / - / -                           12.67 / 1.27 / 1.27 / 1.26 / 80.65        -           
    void pooling_fw_4d_kernel<float, float, cudnn...  10      - / - / - / - / -                           3.04 / 0.30 / 0.42 / 0.20 / 19.35         -           
  pool2d node_creation                                10      0.04 / 0.00 / 0.00 / 0.00 / 3.46            0.00 / 0.00 / 0.00 / 0.00 / 0.00          -           
momentum_ dygraph                                     560     7.69 / 0.01 / 0.08 / 0.01 / 0.13            10.93 / 0.02 / 0.24 / 0.00 / 0.16         0           
  momentum_ infer_meta                                560     0.25 / 0.00 / 0.00 / 0.00 / 3.28            0.00 / 0.00 / 0.00 / 0.00 / 0.00          -           
  momentum_ compute                                   560     4.79 / 0.01 / 0.05 / 0.01 / 62.24           10.93 / 0.02 / 0.24 / 0.00 / 100.00       -           
    void phi::funcs::ForRangeElemwiseOpGridIsOne<...  70      - / - / - / - / -                           0.23 / 0.00 / 0.00 / 0.00 / 2.07          -           
    void phi::funcs::ForRangeElemwiseOp<phi::Dens...  490     - / - / - / - / -                           10.71 / 0.02 / 0.24 / 0.00 / 97.93        -           
GatherGradNode                                        40      1.63 / 0.04 / 0.06 / 0.03 / 0.03            8.91 / 0.22 / 1.06 / 0.01 / 0.13          0           
  gather_grad infer_meta                              40      0.02 / 0.00 / 0.00 / 0.00 / 1.24            0.00 / 0.00 / 0.00 / 0.00 / 0.00          -           
  gather_grad compute                                 40      1.16 / 0.03 / 0.04 / 0.02 / 71.32           8.91 / 0.22 / 1.06 / 0.01 / 100.00        -           
    void Eigen::internal::EigenMetaKernel<Eigen::...  40      - / - / - / - / -                           5.22 / 0.13 / 0.54 / 0.00 / 58.65         -           
    void phi::funcs::ScatterInitCUDAKernel<float,...  40      - / - / - / - / -                           1.28 / 0.03 / 0.19 / 0.00 / 14.34         -           
    void phi::funcs::ScatterCUDAKernel<float, lon...  40      - / - / - / - / -                           2.41 / 0.06 / 0.37 / 0.00 / 27.01         -           
randperm dygraph                                      80      7.59 / 0.09 / 0.27 / 0.05 / 0.12            6.74 / 0.08 / 0.28 / 0.02 / 0.10          0           
  randperm infer_meta                                 80      0.04 / 0.00 / 0.00 / 0.00 / 0.52            0.00 / 0.00 / 0.00 / 0.00 / 0.00          -           
  randperm compute                                    80      7.25 / 0.09 / 0.26 / 0.05 / 95.51           6.74 / 0.08 / 0.28 / 0.02 / 100.00        -           
    void phi::funcs::DistributionKernel<int, phi:...  80      - / - / - / - / -                           0.31 / 0.00 / 0.01 / 0.00 / 4.55          -           
    void phi::funcs::ForRangeElemwiseOpGridIsOne<...  44      - / - / - / - / -                           0.11 / 0.00 / 0.00 / 0.00 / 1.64          -           
    void cub::DeviceRadixSortSingleTileKernel<cub...  60      - / - / - / - / -                           0.81 / 0.01 / 0.02 / 0.01 / 12.06         -           
    void phi::SwapRepeatKernel<int, int>(int*, in...  80      - / - / - / - / -                           0.23 / 0.00 / 0.01 / 0.00 / 3.36          -           
    void phi::funcs::ForRangeElemwiseOp<phi::Rand...  36      - / - / - / - / -                           0.10 / 0.00 / 0.00 / 0.00 / 1.47          -           
    void cub::DeviceRadixSortUpsweepKernel<cub::D...  60      - / - / - / - / -                           0.51 / 0.01 / 0.01 / 0.01 / 7.54          -           
    void cub::RadixSortScanBinsKernel<cub::Device...  100     - / - / - / - / -                           2.07 / 0.02 / 0.02 / 0.02 / 30.67         -           
    void cub::DeviceRadixSortDownsweepKernel<cub:...  60      - / - / - / - / -                           1.29 / 0.02 / 0.03 / 0.02 / 19.13         -           
    void cub::DeviceRadixSortUpsweepKernel<cub::D...  40      - / - / - / - / -                           0.39 / 0.01 / 0.01 / 0.01 / 5.77          -           
    void cub::DeviceRadixSortDownsweepKernel<cub:...  40      - / - / - / - / -                           0.93 / 0.02 / 0.03 / 0.02 / 13.81         -           
nonzero dygraph                                       190     1694.32 / 8.92 / 166.65 / 0.05 / 27.60      4.28 / 0.02 / 0.19 / 0.01 / 0.06          0           
  nonzero infer_meta                                  190     0.09 / 0.00 / 0.00 / 0.00 / 0.01            0.00 / 0.00 / 0.00 / 0.00 / 0.00          -           
  nonzero compute                                     190     1692.64 / 8.91 / 166.64 / 0.04 / 99.90      4.26 / 0.02 / 0.19 / 0.01 / 99.50         -           
    void phi::funcs::GetBlockCountKernel<float, l...  10      - / - / - / - / -                           0.20 / 0.02 / 0.03 / 0.01 / 4.58          -           
    void phi::funcs::CumsumOneBlock<long, long, p...  190     - / - / - / - / -                           1.08 / 0.01 / 0.02 / 0.00 / 25.32         -           
    void phi::funcs::SelectKernel<float, float, l...  10      - / - / - / - / -                           0.86 / 0.09 / 0.13 / 0.05 / 20.12         -           
    void phi::funcs::GetBlockCountKernel<bool, lo...  140     - / - / - / - / -                           0.47 / 0.00 / 0.00 / 0.00 / 11.05         -           
    void phi::funcs::SelectKernel<bool, bool, lon...  140     - / - / - / - / -                           1.25 / 0.01 / 0.01 / 0.01 / 29.29         -           
    void phi::funcs::GetBlockCountKernel<int, lon...  40      - / - / - / - / -                           0.16 / 0.00 / 0.01 / 0.00 / 3.79          -           
  GpuMemcpySync:CUDAPinned->GPU                       20      0.51 / 0.03 / 0.04 / 0.02 / 0.03            0.02 / 0.00 / 0.00 / 0.00 / 0.50          -           
    MEMCPY_HtoD                                       20      - / - / - / - / -                           0.02 / 0.00 / 0.00 / 0.00 / 100.00        -           
MatmulGradNode                                        20      2.97 / 0.15 / 0.18 / 0.13 / 0.05            3.68 / 0.18 / 0.28 / 0.09 / 0.06          0           
  matmul_grad infer_meta                              20      0.01 / 0.00 / 0.00 / 0.00 / 0.41            0.00 / 0.00 / 0.00 / 0.00 / 0.00          -           
  matmul_grad compute                                 20      2.49 / 0.12 / 0.17 / 0.10 / 84.02           3.33 / 0.17 / 0.24 / 0.09 / 90.44         -           
    volta_sgemm_128x32_tn                             20      - / - / - / - / -                           1.66 / 0.08 / 0.13 / 0.04 / 50.04         -           
    MEMSET                                            10      - / - / - / - / -                           0.01 / 0.00 / 0.00 / 0.00 / 0.34          -           
    volta_sgemm_32x128_nt                             20      - / - / - / - / -                           1.57 / 0.08 / 0.12 / 0.04 / 47.17         -           
    void splitKreduce_kernel<float, float, float,...  10      - / - / - / - / -                           0.08 / 0.01 / 0.01 / 0.01 / 2.45          -           
  void phi::funcs::VectorizedBroadcastKernel<phi:...  10      - / - / - / - / -                           0.35 / 0.04 / 0.04 / 0.03 / 9.56          -           
slice dygraph                                         1060    185.67 / 0.18 / 25.32 / 0.01 / 3.02         3.25 / 0.00 / 0.01 / 0.00 / 0.05          0           
  slice infer_meta                                    1060    1.38 / 0.00 / 0.01 / 0.00 / 0.74            0.00 / 0.00 / 0.00 / 0.00 / 0.00          -           
  slice compute                                       1060    11.65 / 0.01 / 0.04 / 0.00 / 6.27           3.21 / 0.00 / 0.01 / 0.00 / 98.99         -           
    void Eigen::internal::EigenMetaKernel<Eigen::...  780     - / - / - / - / -                           2.55 / 0.00 / 0.01 / 0.00 / 79.27         -           
    void Eigen::internal::EigenMetaKernel<Eigen::...  80      - / - / - / - / -                           0.24 / 0.00 / 0.00 / 0.00 / 7.52          -           
    void Eigen::internal::EigenMetaKernel<Eigen::...  80      - / - / - / - / -                           0.25 / 0.00 / 0.00 / 0.00 / 7.67          -           
    void Eigen::internal::EigenMetaKernel<Eigen::...  40      - / - / - / - / -                           0.18 / 0.00 / 0.01 / 0.00 / 5.54          -           
  GpuMemcpySync:CUDAPinned->GPU                       30      166.70 / 5.56 / 25.27 / 0.02 / 89.78        0.03 / 0.00 / 0.00 / 0.00 / 1.01          -           
    MEMCPY_HtoD                                       30      - / - / - / - / -                           0.03 / 0.00 / 0.00 / 0.00 / 100.00        -           
  slice node_creation                                 40      0.15 / 0.00 / 0.01 / 0.00 / 0.08            0.00 / 0.00 / 0.00 / 0.00 / 0.00          -           
matmul dygraph                                        20      2.10 / 0.11 / 0.17 / 0.07 / 0.03            3.24 / 0.16 / 0.21 / 0.12 / 0.05          0           
  matmul infer_meta                                   20      0.03 / 0.00 / 0.00 / 0.00 / 1.65            0.00 / 0.00 / 0.00 / 0.00 / 0.00          -           
  matmul compute                                      20      1.84 / 0.09 / 0.16 / 0.05 / 87.53           3.24 / 0.16 / 0.21 / 0.12 / 100.00        -           
    MEMSET                                            20      - / - / - / - / -                           0.02 / 0.00 / 0.00 / 0.00 / 0.68          -           
    volta_sgemm_64x32_sliced1x4_nn                    10      - / - / - / - / -                           1.22 / 0.12 / 0.12 / 0.12 / 37.63         -           
    volta_sgemm_32x128_nn                             10      - / - / - / - / -                           2.00 / 0.20 / 0.21 / 0.19 / 61.68         -           
  matmul node_creation                                20      0.08 / 0.00 / 0.01 / 0.00 / 3.58            0.00 / 0.00 / 0.00 / 0.00 / 0.00          -           
gather dygraph                                        340     6.23 / 0.02 / 0.04 / 0.01 / 0.10            3.07 / 0.01 / 0.30 / 0.00 / 0.05          0           
  gather infer_meta                                   340     0.22 / 0.00 / 0.00 / 0.00 / 3.47            0.00 / 0.00 / 0.00 / 0.00 / 0.00          -           
  gather compute                                      340     3.98 / 0.01 / 0.03 / 0.01 / 63.95           3.07 / 0.01 / 0.30 / 0.00 / 100.00        -           
    void phi::funcs::GatherCUDAKernel<float, long...  120     - / - / - / - / -                           2.29 / 0.02 / 0.30 / 0.00 / 74.57         -           
    void phi::funcs::GatherCUDAKernel<int, long>(...  50      - / - / - / - / -                           0.18 / 0.00 / 0.00 / 0.00 / 5.85          -           
    void phi::funcs::GatherCUDAKernel<long, long>...  30      - / - / - / - / -                           0.10 / 0.00 / 0.00 / 0.00 / 3.40          -           
    void phi::funcs::GatherCUDAKernel<long, int>(...  20      - / - / - / - / -                           0.08 / 0.00 / 0.00 / 0.00 / 2.51          -           
    void phi::funcs::GatherCUDAKernel<float, int>...  20      - / - / - / - / -                           0.07 / 0.00 / 0.00 / 0.00 / 2.37          -           
    void phi::funcs::GatherCUDAKernel<int, int>(i...  100     - / - / - / - / -                           0.35 / 0.00 / 0.00 / 0.00 / 11.29         -           
  gather node_creation                                40      0.25 / 0.01 / 0.02 / 0.00 / 3.94            0.00 / 0.00 / 0.00 / 0.00 / 0.00          -           
topk dygraph                                          40      2.17 / 0.05 / 0.09 / 0.04 / 0.04            2.65 / 0.07 / 0.17 / 0.01 / 0.04          0           
  topk infer_meta                                     40      0.04 / 0.00 / 0.00 / 0.00 / 1.77            0.00 / 0.00 / 0.00 / 0.00 / 0.00          -           
  topk compute                                        40      1.88 / 0.05 / 0.08 / 0.04 / 86.42           2.65 / 0.07 / 0.17 / 0.01 / 100.00        -           
    void Eigen::internal::EigenMetaKernel<Eigen::...  80      - / - / - / - / -                           0.32 / 0.00 / 0.02 / 0.00 / 11.92         -           
    void phi::funcs::KeMatrixTopK<float, 1, 64>(f...  40      - / - / - / - / -                           2.19 / 0.05 / 0.15 / 0.00 / 82.56         -           
    void Eigen::internal::EigenMetaKernel<Eigen::...  40      - / - / - / - / -                           0.15 / 0.00 / 0.00 / 0.00 / 5.52          -           
full dygraph                                          822     9.79 / 0.01 / 0.04 / 0.00 / 0.16            1.93 / 0.00 / 0.01 / 0.00 / 0.03          0           
  full infer_meta                                     822     0.39 / 0.00 / 0.00 / 0.00 / 3.98            0.00 / 0.00 / 0.00 / 0.00 / 0.00          -           
  full compute                                        822     7.54 / 0.01 / 0.03 / 0.00 / 76.97           1.93 / 0.00 / 0.01 / 0.00 / 100.00        -           
    void phi::funcs::VectorizedElementwiseKernel<...  220     - / - / - / - / -                           0.64 / 0.00 / 0.01 / 0.00 / 32.92         -           
    void phi::funcs::VectorizedElementwiseKernel<...  212     - / - / - / - / -                           0.54 / 0.00 / 0.00 / 0.00 / 28.17         -           
    void phi::funcs::VectorizedElementwiseKernel<...  290     - / - / - / - / -                           0.75 / 0.00 / 0.00 / 0.00 / 38.91         -           
subtract dygraph                                      440     6.87 / 0.02 / 0.03 / 0.01 / 0.11            1.63 / 0.00 / 0.05 / 0.00 / 0.02          0           
  subtract infer_meta                                 440     0.28 / 0.00 / 0.00 / 0.00 / 4.10            0.00 / 0.00 / 0.00 / 0.00 / 0.00          -           
  subtract compute                                    440     4.51 / 0.01 / 0.02 / 0.01 / 65.64           1.63 / 0.00 / 0.05 / 0.00 / 100.00        -           
    void phi::funcs::VectorizedBroadcastKernel<ph...  440     - / - / - / - / -                           1.63 / 0.00 / 0.05 / 0.00 / 100.00        -           
  subtract node_creation                              20      0.07 / 0.00 / 0.01 / 0.00 / 1.04            0.00 / 0.00 / 0.00 / 0.00 / 0.00          -           
scale dygraph                                         422     6.32 / 0.01 / 0.04 / 0.01 / 0.10            1.18 / 0.00 / 0.00 / 0.00 / 0.02          0           
  scale infer_meta                                    422     0.20 / 0.00 / 0.00 / 0.00 / 3.24            0.00 / 0.00 / 0.00 / 0.00 / 0.00          -           
  scale compute                                       422     4.03 / 0.01 / 0.02 / 0.00 / 63.76           1.18 / 0.00 / 0.00 / 0.00 / 100.00        -           
    void phi::funcs::VectorizedElementwiseKernel<...  320     - / - / - / - / -                           0.91 / 0.00 / 0.00 / 0.00 / 77.31         -           
    void phi::funcs::VectorizedElementwiseKernel<...  42      - / - / - / - / -                           0.15 / 0.00 / 0.00 / 0.00 / 12.86         -           
    void phi::funcs::VectorizedElementwiseKernel<...  40      - / - / - / - / -                           0.12 / 0.00 / 0.00 / 0.00 / 9.83          -           
  scale node_creation                                 80      0.10 / 0.00 / 0.00 / 0.00 / 1.52            0.00 / 0.00 / 0.00 / 0.00 / 0.00          -           
concat dygraph                                        210     7.15 / 0.03 / 0.06 / 0.01 / 0.12            1.02 / 0.00 / 0.02 / 0.00 / 0.02          0           
  concat infer_meta                                   210     0.27 / 0.00 / 0.01 / 0.00 / 3.75            0.00 / 0.00 / 0.00 / 0.00 / 0.00          -           
  concat compute                                      210     5.24 / 0.02 / 0.05 / 0.00 / 73.30           1.02 / 0.00 / 0.02 / 0.00 / 100.00        -           
    void phi::funcs::ConcatTensorWithSameShape<in...  10      - / - / - / - / -                           0.04 / 0.00 / 0.00 / 0.00 / 4.08          -           
    void phi::funcs::ConcatTensorWithSameShape<in...  18      - / - / - / - / -                           0.09 / 0.00 / 0.01 / 0.00 / 8.47          -           
    void phi::funcs::ConcatTensorWithSameShape<in...  1       - / - / - / - / -                           0.00 / 0.00 / 0.00 / 0.00 / 0.46          -           
    void phi::funcs::ConcatTensorWithSameShape<in...  1       - / - / - / - / -                           0.00 / 0.00 / 0.00 / 0.00 / 0.48          -           
  concat node_creation                                20      0.07 / 0.00 / 0.01 / 0.00 / 1.03            0.00 / 0.00 / 0.00 / 0.00 / 0.00          -           
equal dygraph                                         214     3.49 / 0.02 / 0.03 / 0.01 / 0.06            0.76 / 0.00 / 0.02 / 0.00 / 0.01          0           
  equal infer_meta                                    214     0.18 / 0.00 / 0.01 / 0.00 / 5.23            0.00 / 0.00 / 0.00 / 0.00 / 0.00          -           
  equal compute                                       214     2.34 / 0.01 / 0.02 / 0.01 / 67.11           0.76 / 0.00 / 0.02 / 0.00 / 100.00        -           
    void phi::funcs::VectorizedBroadcastKernel<ph...  104     - / - / - / - / -                           0.30 / 0.00 / 0.00 / 0.00 / 39.66         -           
    void phi::funcs::VectorizedBroadcastKernel<ph...  90      - / - / - / - / -                           0.29 / 0.00 / 0.00 / 0.00 / 37.87         -           
    void phi::funcs::VectorizedBroadcastKernel<ph...  20      - / - / - / - / -                           0.17 / 0.01 / 0.02 / 0.01 / 22.48         -           
divide dygraph                                        160     2.33 / 0.01 / 0.03 / 0.01 / 0.04            0.74 / 0.00 / 0.03 / 0.00 / 0.01          0           
  divide infer_meta                                   160     0.07 / 0.00 / 0.00 / 0.00 / 3.06            0.00 / 0.00 / 0.00 / 0.00 / 0.00          -           
  divide compute                                      160     1.58 / 0.01 / 0.02 / 0.01 / 68.07           0.74 / 0.00 / 0.03 / 0.00 / 100.00        -           
    void phi::funcs::VectorizedBroadcastKernel<ph...  160     - / - / - / - / -                           0.74 / 0.00 / 0.03 / 0.00 / 100.00        -           
greater_than dygraph                                  178     3.04 / 0.02 / 0.04 / 0.01 / 0.05            0.71 / 0.00 / 0.02 / 0.00 / 0.01          0           
  greater_than infer_meta                             178     0.15 / 0.00 / 0.00 / 0.00 / 4.99            0.00 / 0.00 / 0.00 / 0.00 / 0.00          -           
  greater_than compute                                178     2.02 / 0.01 / 0.03 / 0.01 / 66.53           0.71 / 0.00 / 0.02 / 0.00 / 100.00        -           
    void phi::funcs::VectorizedBroadcastKernel<ph...  78      - / - / - / - / -                           0.24 / 0.00 / 0.00 / 0.00 / 34.29         -           
    void phi::funcs::VectorizedBroadcastKernel<ph...  100     - / - / - / - / -                           0.47 / 0.00 / 0.02 / 0.00 / 65.71         -           
full_like dygraph                                     240     3.59 / 0.01 / 0.04 / 0.01 / 0.06            0.66 / 0.00 / 0.01 / 0.00 / 0.01          0           
  full_like infer_meta                                240     0.10 / 0.00 / 0.00 / 0.00 / 2.79            0.00 / 0.00 / 0.00 / 0.00 / 0.00          -           
  full_like compute                                   240     2.39 / 0.01 / 0.03 / 0.01 / 66.55           0.66 / 0.00 / 0.01 / 0.00 / 100.00        -           
    void phi::funcs::VectorizedElementwiseKernel<...  180     - / - / - / - / -                           0.45 / 0.00 / 0.00 / 0.00 / 68.87         -           
    void phi::funcs::VectorizedElementwiseKernel<...  60      - / - / - / - / -                           0.21 / 0.00 / 0.01 / 0.00 / 31.13         -           
where dygraph                                         180     2.99 / 0.02 / 0.03 / 0.01 / 0.05            0.66 / 0.00 / 0.03 / 0.00 / 0.01          0           
  where infer_meta                                    180     0.13 / 0.00 / 0.00 / 0.00 / 4.39            0.00 / 0.00 / 0.00 / 0.00 / 0.00          -           
  where compute                                       180     1.95 / 0.01 / 0.03 / 0.01 / 65.31           0.66 / 0.00 / 0.03 / 0.00 / 100.00        -           
    void phi::funcs::VectorizedElementwiseKernel<...  140     - / - / - / - / -                           0.43 / 0.00 / 0.00 / 0.00 / 65.12         -           
    void phi::funcs::VectorizedElementwiseKernel<...  40      - / - / - / - / -                           0.23 / 0.01 / 0.03 / 0.00 / 34.88         -           
sum dygraph                                           60      2.53 / 0.04 / 0.07 / 0.03 / 0.04            0.52 / 0.01 / 0.06 / 0.00 / 0.01          0           
  sum infer_meta                                      60      0.11 / 0.00 / 0.00 / 0.00 / 4.31            0.00 / 0.00 / 0.00 / 0.00 / 0.00          -           
  sum compute                                         60      2.03 / 0.03 / 0.06 / 0.02 / 80.40           0.52 / 0.01 / 0.06 / 0.00 / 100.00        -           
    void cub::DeviceReduceSingleTileKernel<cub::D...  30      - / - / - / - / -                           0.12 / 0.00 / 0.00 / 0.00 / 23.31         -           
    void cub::DeviceReduceSingleTileKernel<cub::D...  10      - / - / - / - / -                           0.05 / 0.01 / 0.01 / 0.01 / 9.99          -           
    void phi::funcs::VectorizedElementwiseKernel<...  20      - / - / - / - / -                           0.16 / 0.01 / 0.03 / 0.00 / 31.03         -           
    void phi::funcs::VectorizedElementwiseKernel<...  3       - / - / - / - / -                           0.01 / 0.00 / 0.00 / 0.00 / 1.96          -           
    void phi::funcs::ReduceHigherDimKernel<long, ...  17      - / - / - / - / -                           0.17 / 0.01 / 0.03 / 0.00 / 33.72         -           
  sum node_creation                                   30      0.07 / 0.00 / 0.00 / 0.00 / 2.88            0.00 / 0.00 / 0.00 / 0.00 / 0.00          -           
cast dygraph                                          180     3.50 / 0.02 / 0.04 / 0.01 / 0.06            0.51 / 0.00 / 0.01 / 0.00 / 0.01          0           
  cast infer_meta                                     180     0.11 / 0.00 / 0.00 / 0.00 / 3.15            0.00 / 0.00 / 0.00 / 0.00 / 0.00          -           
  cast compute                                        180     2.41 / 0.01 / 0.03 / 0.00 / 68.77           0.51 / 0.00 / 0.01 / 0.00 / 100.00        -           
    void phi::funcs::VectorizedElementwiseKernel<...  20      - / - / - / - / -                           0.07 / 0.00 / 0.00 / 0.00 / 13.27         -           
    void phi::funcs::VectorizedElementwiseKernel<...  20      - / - / - / - / -                           0.06 / 0.00 / 0.00 / 0.00 / 10.81         -           
    void phi::funcs::VectorizedElementwiseKernel<...  10      - / - / - / - / -                           0.03 / 0.00 / 0.00 / 0.00 / 5.68          -           
    void phi::funcs::VectorizedElementwiseKernel<...  10      - / - / - / - / -                           0.03 / 0.00 / 0.00 / 0.00 / 5.59          -           
    void phi::funcs::VectorizedElementwiseKernel<...  80      - / - / - / - / -                           0.24 / 0.00 / 0.00 / 0.00 / 46.40         -           
    void phi::funcs::VectorizedElementwiseKernel<...  20      - / - / - / - / -                           0.09 / 0.00 / 0.01 / 0.00 / 18.25         -           
logical_and dygraph                                   130     2.19 / 0.02 / 0.03 / 0.01 / 0.04            0.43 / 0.00 / 0.01 / 0.00 / 0.01          0           
  logical_and infer_meta                              130     0.10 / 0.00 / 0.00 / 0.00 / 4.40            0.00 / 0.00 / 0.00 / 0.00 / 0.00          -           
  logical_and compute                                 130     1.50 / 0.01 / 0.02 / 0.01 / 68.44           0.43 / 0.00 / 0.01 / 0.00 / 100.00        -           
    void phi::funcs::VectorizedBroadcastKernel<ph...  130     - / - / - / - / -                           0.43 / 0.00 / 0.01 / 0.00 / 100.00        -           
prod dygraph                                          40      1.24 / 0.03 / 0.05 / 0.02 / 0.02            0.42 / 0.01 / 0.05 / 0.00 / 0.01          0           
  prod infer_meta                                     40      0.10 / 0.00 / 0.01 / 0.00 / 8.02            0.00 / 0.00 / 0.00 / 0.00 / 0.00          -           
  prod compute                                        40      0.93 / 0.02 / 0.04 / 0.02 / 74.84           0.42 / 0.01 / 0.05 / 0.00 / 100.00        -           
    void phi::funcs::ReduceAnyKernel<float, float...  40      - / - / - / - / -                           0.42 / 0.01 / 0.05 / 0.00 / 100.00        -           
not_equal dygraph                                     130     2.02 / 0.02 / 0.03 / 0.01 / 0.03            0.40 / 0.00 / 0.00 / 0.00 / 0.01          0           
  not_equal infer_meta                                130     0.09 / 0.00 / 0.00 / 0.00 / 4.55            0.00 / 0.00 / 0.00 / 0.00 / 0.00          -           
  not_equal compute                                   130     1.36 / 0.01 / 0.02 / 0.01 / 67.47           0.40 / 0.00 / 0.00 / 0.00 / 100.00        -           
    void phi::funcs::VectorizedBroadcastKernel<ph...  120     - / - / - / - / -                           0.37 / 0.00 / 0.00 / 0.00 / 92.13         -           
    void phi::funcs::VectorizedBroadcastKernel<ph...  10      - / - / - / - / -                           0.03 / 0.00 / 0.00 / 0.00 / 7.87          -           
multiply dygraph                                      100     1.82 / 0.02 / 0.05 / 0.01 / 0.03            0.35 / 0.00 / 0.01 / 0.00 / 0.01          0           
  multiply infer_meta                                 100     0.07 / 0.00 / 0.00 / 0.00 / 3.73            0.00 / 0.00 / 0.00 / 0.00 / 0.00          -           
  multiply compute                                    100     1.18 / 0.01 / 0.03 / 0.01 / 64.83           0.35 / 0.00 / 0.01 / 0.00 / 100.00        -           
    void phi::funcs::VectorizedBroadcastKernel<ph...  10      - / - / - / - / -                           0.06 / 0.01 / 0.01 / 0.01 / 17.80         -           
    void phi::funcs::VectorizedBroadcastKernel<ph...  10      - / - / - / - / -                           0.03 / 0.00 / 0.00 / 0.00 / 9.56          -           
    void phi::funcs::VectorizedBroadcastKernel<ph...  80      - / - / - / - / -                           0.26 / 0.00 / 0.00 / 0.00 / 72.64         -           
  multiply node_creation                              10      0.02 / 0.00 / 0.00 / 0.00 / 1.10            0.00 / 0.00 / 0.00 / 0.00 / 0.00          -           
minimum dygraph                                       40      0.96 / 0.02 / 0.04 / 0.02 / 0.02            0.31 / 0.01 / 0.02 / 0.00 / 0.00          0           
  minimum infer_meta                                  40      0.07 / 0.00 / 0.00 / 0.00 / 7.09            0.00 / 0.00 / 0.00 / 0.00 / 0.00          -           
  minimum compute                                     40      0.69 / 0.02 / 0.03 / 0.01 / 72.47           0.31 / 0.01 / 0.02 / 0.00 / 100.00        -           
    void phi::funcs::VectorizedBroadcastKernel<ph...  6       - / - / - / - / -                           0.04 / 0.01 / 0.01 / 0.01 / 12.01         -           
    void phi::funcs::VectorizedBroadcastKernel<ph...  34      - / - / - / - / -                           0.27 / 0.01 / 0.02 / 0.00 / 87.99         -           
maximum dygraph                                       40      0.86 / 0.02 / 0.03 / 0.02 / 0.01            0.31 / 0.01 / 0.02 / 0.00 / 0.00          0           
  maximum infer_meta                                  40      0.04 / 0.00 / 0.00 / 0.00 / 5.08            0.00 / 0.00 / 0.00 / 0.00 / 0.00          -           
  maximum compute                                     40      0.61 / 0.02 / 0.02 / 0.01 / 71.08           0.31 / 0.01 / 0.02 / 0.00 / 100.00        -           
    void phi::funcs::VectorizedBroadcastKernel<ph...  6       - / - / - / - / -                           0.04 / 0.01 / 0.01 / 0.01 / 11.66         -           
    void phi::funcs::VectorizedBroadcastKernel<ph...  34      - / - / - / - / -                           0.27 / 0.01 / 0.02 / 0.00 / 88.34         -           
GatherNdGradNode                                      20      0.75 / 0.04 / 0.05 / 0.03 / 0.01            0.31 / 0.02 / 0.03 / 0.01 / 0.00          0           
  gather_nd_grad infer_meta                           20      0.02 / 0.00 / 0.01 / 0.00 / 2.76            0.00 / 0.00 / 0.00 / 0.00 / 0.00          -           
  gather_nd_grad compute                              20      0.49 / 0.02 / 0.03 / 0.02 / 65.16           0.31 / 0.02 / 0.03 / 0.01 / 100.00        -           
    void Eigen::internal::EigenMetaKernel<Eigen::...  20      - / - / - / - / -                           0.16 / 0.01 / 0.02 / 0.00 / 51.87         -           
    void phi::funcs::ScatterNdCUDAKernel<float, l...  20      - / - / - / - / -                           0.15 / 0.01 / 0.02 / 0.00 / 48.13         -           
max dygraph                                           20      0.95 / 0.05 / 0.08 / 0.03 / 0.02            0.29 / 0.01 / 0.03 / 0.01 / 0.00          0           
  max infer_meta                                      20      0.04 / 0.00 / 0.00 / 0.00 / 4.63            0.00 / 0.00 / 0.00 / 0.00 / 0.00          -           
  max compute                                         20      0.80 / 0.04 / 0.07 / 0.03 / 83.49           0.29 / 0.01 / 0.03 / 0.01 / 100.00        -           
    void cub::DeviceReduceKernel<cub::DeviceReduc...  3       - / - / - / - / -                           0.02 / 0.01 / 0.01 / 0.00 / 5.24          -           
    void cub::DeviceReduceSingleTileKernel<cub::D...  3       - / - / - / - / -                           0.01 / 0.00 / 0.00 / 0.00 / 4.79          -           
    void phi::funcs::ReduceAnyKernel<float, float...  17      - / - / - / - / -                           0.13 / 0.01 / 0.02 / 0.01 / 46.78         -           
    void phi::funcs::ReduceHigherDimKernel<float,...  17      - / - / - / - / -                           0.12 / 0.01 / 0.01 / 0.01 / 43.19         -           
clip dygraph                                          40      0.78 / 0.02 / 0.03 / 0.02 / 0.01            0.28 / 0.01 / 0.03 / 0.00 / 0.00          0           
  clip infer_meta                                     40      0.03 / 0.00 / 0.00 / 0.00 / 4.14            0.00 / 0.00 / 0.00 / 0.00 / 0.00          -           
  clip compute                                        40      0.52 / 0.01 / 0.02 / 0.01 / 67.09           0.28 / 0.01 / 0.03 / 0.00 / 100.00        -           
    void phi::funcs::VectorizedElementwiseKernel<...  40      - / - / - / - / -                           0.28 / 0.01 / 0.03 / 0.00 / 100.00        -           
stack dygraph                                         60      2.59 / 0.04 / 0.13 / 0.02 / 0.04            0.27 / 0.00 / 0.01 / 0.00 / 0.00          0           
  stack infer_meta                                    60      0.23 / 0.00 / 0.01 / 0.00 / 8.88            0.00 / 0.00 / 0.00 / 0.00 / 0.00          -           
  stack compute                                       60      1.10 / 0.02 / 0.04 / 0.01 / 42.42           0.27 / 0.00 / 0.01 / 0.00 / 100.00        -           
    void phi::funcs::StackCudaKernel<int, int, ph...  2       - / - / - / - / -                           0.01 / 0.00 / 0.00 / 0.00 / 2.51          -           
    MEMCPY_HtoD                                       8       - / - / - / - / -                           0.01 / 0.00 / 0.00 / 0.00 / 3.43          -           
    void phi::funcs::StackCudaKernel<int, int, ph...  8       - / - / - / - / -                           0.03 / 0.00 / 0.00 / 0.00 / 11.20         -           
    void phi::funcs::StackCudaKernel<float, int, ...  40      - / - / - / - / -                           0.18 / 0.00 / 0.01 / 0.00 / 68.85         -           
    void phi::funcs::StackCudaKernel<int, int, ph...  7       - / - / - / - / -                           0.03 / 0.00 / 0.00 / 0.00 / 9.75          -           
    void phi::funcs::StackCudaKernel<int, int, ph...  3       - / - / - / - / -                           0.01 / 0.00 / 0.00 / 0.00 / 4.26          -           
less_than dygraph                                     82      1.47 / 0.02 / 0.04 / 0.01 / 0.02            0.27 / 0.00 / 0.00 / 0.00 / 0.00          0           
  less_than infer_meta                                82      0.05 / 0.00 / 0.00 / 0.00 / 3.35            0.00 / 0.00 / 0.00 / 0.00 / 0.00          -           
  less_than compute                                   82      1.03 / 0.01 / 0.03 / 0.01 / 70.14           0.27 / 0.00 / 0.00 / 0.00 / 100.00        -           
    void phi::funcs::VectorizedBroadcastKernel<ph...  42      - / - / - / - / -                           0.13 / 0.00 / 0.00 / 0.00 / 47.15         -           
    void phi::funcs::VectorizedBroadcastKernel<ph...  40      - / - / - / - / -                           0.14 / 0.00 / 0.00 / 0.00 / 52.85         -           
scatter dygraph                                       40      1.25 / 0.03 / 0.05 / 0.02 / 0.02            0.26 / 0.01 / 0.01 / 0.01 / 0.00          0           
  scatter infer_meta                                  40      0.03 / 0.00 / 0.00 / 0.00 / 2.05            0.00 / 0.00 / 0.00 / 0.00 / 0.00          -           
  scatter compute                                     40      1.01 / 0.03 / 0.04 / 0.02 / 80.74           0.26 / 0.01 / 0.01 / 0.01 / 100.00        -           
    void phi::funcs::ScatterCUDAKernel<int, int>(...  40      - / - / - / - / -                           0.14 / 0.00 / 0.00 / 0.00 / 53.05         -           
greater_equal dygraph                                 70      1.31 / 0.02 / 0.03 / 0.01 / 0.02            0.25 / 0.00 / 0.00 / 0.00 / 0.00          0           
  greater_equal infer_meta                            70      0.05 / 0.00 / 0.00 / 0.00 / 4.16            0.00 / 0.00 / 0.00 / 0.00 / 0.00          -           
  greater_equal compute                               70      0.89 / 0.01 / 0.02 / 0.01 / 68.22           0.25 / 0.00 / 0.00 / 0.00 / 100.00        -           
    void phi::funcs::VectorizedBroadcastKernel<ph...  10      - / - / - / - / -                           0.03 / 0.00 / 0.00 / 0.00 / 12.79         -           
    void phi::funcs::VectorizedBroadcastKernel<ph...  20      - / - / - / - / -                           0.07 / 0.00 / 0.00 / 0.00 / 30.57         -           
    void phi::funcs::VectorizedBroadcastKernel<ph...  40      - / - / - / - / -                           0.14 / 0.00 / 0.00 / 0.00 / 56.64         -           
log dygraph                                           60      0.93 / 0.02 / 0.03 / 0.01 / 0.02            0.22 / 0.00 / 0.01 / 0.00 / 0.00          0           
  log infer_meta                                      60      0.02 / 0.00 / 0.00 / 0.00 / 2.45            0.00 / 0.00 / 0.00 / 0.00 / 0.00          -           
  log compute                                         60      0.62 / 0.01 / 0.02 / 0.01 / 66.47           0.22 / 0.00 / 0.01 / 0.00 / 100.00        -           
    void phi::funcs::VectorizedElementwiseKernel<...  60      - / - / - / - / -                           0.22 / 0.00 / 0.01 / 0.00 / 100.00        -           
numel dygraph                                         190     4.00 / 0.02 / 0.04 / 0.01 / 0.07            0.20 / 0.00 / 0.00 / 0.00 / 0.00          0           
  numel infer_meta                                    190     0.08 / 0.00 / 0.00 / 0.00 / 1.90            0.00 / 0.00 / 0.00 / 0.00 / 0.00          -           
  numel compute                                       190     3.14 / 0.02 / 0.03 / 0.01 / 78.38           0.20 / 0.00 / 0.00 / 0.00 / 100.00        -           
expand_as dygraph                                     10      0.27 / 0.03 / 0.04 / 0.03 / 0.00            0.17 / 0.02 / 0.02 / 0.01 / 0.00          0           
  expand_as infer_meta                                10      0.01 / 0.00 / 0.00 / 0.00 / 3.96            0.00 / 0.00 / 0.00 / 0.00 / 0.00          -           
  expand_as compute                                   10      0.20 / 0.02 / 0.03 / 0.02 / 71.96           0.17 / 0.02 / 0.02 / 0.01 / 100.00        -           
    void phi::funcs::VectorizedBroadcastKernel<ph...  10      - / - / - / - / -                           0.17 / 0.02 / 0.02 / 0.01 / 100.00        -           
TransposeGradNode                                     20      0.51 / 0.03 / 0.04 / 0.02 / 0.01            0.16 / 0.01 / 0.01 / 0.01 / 0.00          0           
  transpose_grad infer_meta                           20      0.02 / 0.00 / 0.00 / 0.00 / 4.89            0.00 / 0.00 / 0.00 / 0.00 / 0.00          -           
  transpose_grad compute                              20      0.34 / 0.02 / 0.03 / 0.01 / 66.70           0.16 / 0.01 / 0.01 / 0.01 / 100.00        -           
    void phi::funcs::TilingSwapDim1And2<float, 25...  10      - / - / - / - / -                           0.08 / 0.01 / 0.01 / 0.01 / 48.37         -           
    void phi::funcs::TilingSwapDim1And2<unsigned ...  3       - / - / - / - / -                           0.03 / 0.01 / 0.01 / 0.01 / 15.83         -           
    void phi::funcs::TilingSwapDim1And2<unsigned ...  6       - / - / - / - / -                           0.05 / 0.01 / 0.01 / 0.01 / 31.61         -           
    void phi::funcs::TilingSwapDim1And2<unsigned ...  1       - / - / - / - / -                           0.01 / 0.01 / 0.01 / 0.01 / 4.19          -           
transpose dygraph                                     20      0.61 / 0.03 / 0.05 / 0.02 / 0.01            0.15 / 0.01 / 0.01 / 0.01 / 0.00          0           
  transpose infer_meta                                20      0.02 / 0.00 / 0.00 / 0.00 / 3.01            0.00 / 0.00 / 0.00 / 0.00 / 0.00          -           
  transpose compute                                   20      0.42 / 0.02 / 0.04 / 0.01 / 69.54           0.15 / 0.01 / 0.01 / 0.01 / 100.00        -           
    void phi::funcs::TilingSwapDim1And2<float, 25...  10      - / - / - / - / -                           0.08 / 0.01 / 0.01 / 0.01 / 51.59         -           
    void phi::funcs::TilingSwapDim1And2<unsigned ...  3       - / - / - / - / -                           0.02 / 0.01 / 0.01 / 0.01 / 14.56         -           
    void phi::funcs::TilingSwapDim1And2<unsigned ...  6       - / - / - / - / -                           0.05 / 0.01 / 0.01 / 0.01 / 29.47         -           
    void phi::funcs::TilingSwapDim1And2<unsigned ...  1       - / - / - / - / -                           0.01 / 0.01 / 0.01 / 0.01 / 4.38          -           
  transpose node_creation                             20      0.04 / 0.00 / 0.00 / 0.00 / 6.48            0.00 / 0.00 / 0.00 / 0.00 / 0.00          -           
gather_nd dygraph                                     20      0.49 / 0.02 / 0.03 / 0.02 / 0.01            0.15 / 0.01 / 0.01 / 0.01 / 0.00          0           
  gather_nd infer_meta                                20      0.03 / 0.00 / 0.00 / 0.00 / 5.32            0.00 / 0.00 / 0.00 / 0.00 / 0.00          -           
  gather_nd compute                                   20      0.28 / 0.01 / 0.02 / 0.01 / 56.81           0.15 / 0.01 / 0.01 / 0.01 / 100.00        -           
    void phi::funcs::GatherNdCUDAKernel<float, lo...  20      - / - / - / - / -                           0.15 / 0.01 / 0.01 / 0.01 / 100.00        -           
  gather_nd node_creation                             20      0.06 / 0.00 / 0.01 / 0.00 / 12.66           0.00 / 0.00 / 0.00 / 0.00 / 0.00          -           
mean_all dygraph                                      20      1.06 / 0.05 / 0.08 / 0.04 / 0.02            0.15 / 0.01 / 0.01 / 0.00 / 0.00          0           
  mean_all infer_meta                                 20      0.02 / 0.00 / 0.00 / 0.00 / 1.43            0.00 / 0.00 / 0.00 / 0.00 / 0.00          -           
  mean_all compute                                    20      0.85 / 0.04 / 0.07 / 0.03 / 80.48           0.15 / 0.01 / 0.01 / 0.00 / 100.00        -           
    void cub::DeviceReduceKernel<cub::DeviceReduc...  10      - / - / - / - / -                           0.05 / 0.01 / 0.01 / 0.00 / 35.17         -           
    void cub::DeviceReduceSingleTileKernel<cub::D...  10      - / - / - / - / -                           0.05 / 0.00 / 0.00 / 0.00 / 30.86         -           
    void cub::DeviceReduceSingleTileKernel<cub::D...  10      - / - / - / - / -                           0.05 / 0.01 / 0.01 / 0.00 / 33.97         -           
  mean_all node_creation                              20      0.06 / 0.00 / 0.01 / 0.00 / 6.07            0.00 / 0.00 / 0.00 / 0.00 / 0.00          -           
AddNGradNodeFinal                                     10      1.00 / 0.10 / 0.15 / 0.09 / 0.02            0.14 / 0.01 / 0.01 / 0.01 / 0.00          0           
meshgrid dygraph                                      10      1.01 / 0.10 / 0.13 / 0.08 / 0.02            0.13 / 0.01 / 0.01 / 0.01 / 0.00          0           
  meshgrid infer_meta                                 10      0.03 / 0.00 / 0.00 / 0.00 / 3.25            0.00 / 0.00 / 0.00 / 0.00 / 0.00          -           
  meshgrid compute                                    10      0.81 / 0.08 / 0.11 / 0.07 / 80.50           0.13 / 0.01 / 0.01 / 0.01 / 100.00        -           
    void Eigen::internal::EigenMetaKernel<Eigen::...  20      - / - / - / - / -                           0.08 / 0.00 / 0.00 / 0.00 / 57.21         -           
sigmoid_cross_entropy_with_logits dygraph             20      0.55 / 0.03 / 0.04 / 0.02 / 0.01            0.13 / 0.01 / 0.01 / 0.01 / 0.00          0           
  sigmoid_cross_entropy_with_logits infer_meta        20      0.02 / 0.00 / 0.00 / 0.00 / 4.19            0.00 / 0.00 / 0.00 / 0.00 / 0.00          -           
  sigmoid_cross_entropy_with_logits compute           20      0.33 / 0.02 / 0.03 / 0.01 / 61.05           0.13 / 0.01 / 0.01 / 0.01 / 100.00        -           
    void phi::funcs::VectorizedElementwiseKernel<...  20      - / - / - / - / -                           0.13 / 0.01 / 0.01 / 0.01 / 100.00        -           
  sigmoid_cross_entropy_with_logits node_creation     20      0.05 / 0.00 / 0.00 / 0.00 / 9.79            0.00 / 0.00 / 0.00 / 0.00 / 0.00          -           
ConcatGradNode                                        20      0.72 / 0.04 / 0.05 / 0.03 / 0.01            0.12 / 0.01 / 0.01 / 0.00 / 0.00          0           
  concat_grad infer_meta                              20      0.04 / 0.00 / 0.00 / 0.00 / 5.09            0.00 / 0.00 / 0.00 / 0.00 / 0.00          -           
  concat_grad compute                                 20      0.40 / 0.02 / 0.03 / 0.02 / 55.83           0.12 / 0.01 / 0.01 / 0.00 / 100.00        -           
    void phi::funcs::SplitTensorWithDifferentShap...  20      - / - / - / - / -                           0.12 / 0.01 / 0.01 / 0.00 / 100.00        -           
arange dygraph                                        40      1.04 / 0.03 / 0.04 / 0.02 / 0.02            0.12 / 0.00 / 0.00 / 0.00 / 0.00          0           
  arange infer_meta                                   40      0.03 / 0.00 / 0.00 / 0.00 / 3.22            0.00 / 0.00 / 0.00 / 0.00 / 0.00          -           
  arange compute                                      40      0.75 / 0.02 / 0.03 / 0.01 / 72.63           0.12 / 0.00 / 0.00 / 0.00 / 100.00        -           
    void phi::Range<long, long>(long, long, long,...  20      - / - / - / - / -                           0.06 / 0.00 / 0.00 / 0.00 / 48.31         -           
    void phi::Range<float, float>(float, float, l...  20      - / - / - / - / -                           0.06 / 0.00 / 0.00 / 0.00 / 51.69         -           
SigmoidCrossEntropyWithLogitsGradNode                 20      0.49 / 0.02 / 0.04 / 0.02 / 0.01            0.10 / 0.01 / 0.01 / 0.00 / 0.00          0           
  sigmoid_cross_entropy_with_logits_grad infer_meta   20      0.01 / 0.00 / 0.00 / 0.00 / 1.59            0.00 / 0.00 / 0.00 / 0.00 / 0.00          -           
  sigmoid_cross_entropy_with_logits_grad compute      20      0.28 / 0.01 / 0.03 / 0.01 / 57.52           0.10 / 0.01 / 0.01 / 0.00 / 100.00        -           
    void phi::funcs::VectorizedElementwiseKernel<...  20      - / - / - / - / -                           0.10 / 0.01 / 0.01 / 0.00 / 100.00        -           
SumGradNode                                           30      0.57 / 0.02 / 0.04 / 0.01 / 0.01            0.10 / 0.00 / 0.00 / 0.00 / 0.00          0           
  sum_grad infer_meta                                 30      0.01 / 0.00 / 0.00 / 0.00 / 2.18            0.00 / 0.00 / 0.00 / 0.00 / 0.00          -           
  sum_grad compute                                    30      0.35 / 0.01 / 0.02 / 0.01 / 61.98           0.10 / 0.00 / 0.00 / 0.00 / 100.00        -           
    void phi::funcs::VectorizedBroadcastKernel<ph...  30      - / - / - / - / -                           0.10 / 0.00 / 0.00 / 0.00 / 100.00        -           
cross_entropy_with_softmax dygraph                    10      0.38 / 0.04 / 0.05 / 0.03 / 0.01            0.09 / 0.01 / 0.01 / 0.01 / 0.00          0           
  cross_entropy_with_softmax infer_meta               10      0.01 / 0.00 / 0.00 / 0.00 / 3.12            0.00 / 0.00 / 0.00 / 0.00 / 0.00          -           
  cross_entropy_with_softmax compute                  10      0.21 / 0.02 / 0.04 / 0.02 / 56.33           0.09 / 0.01 / 0.01 / 0.01 / 100.00        -           
    void phi::WarpSoftmaxForward<float, long, flo...  10      - / - / - / - / -                           0.09 / 0.01 / 0.01 / 0.01 / 100.00        -           
  cross_entropy_with_softmax node_creation            10      0.07 / 0.01 / 0.01 / 0.00 / 18.68           0.00 / 0.00 / 0.00 / 0.00 / 0.00          -           
add_n dygraph                                         10      0.58 / 0.06 / 0.08 / 0.05 / 0.01            0.09 / 0.01 / 0.01 / 0.01 / 0.00          0           
  GpuMemcpyAsync:CPU->GPU                             10      0.11 / 0.01 / 0.01 / 0.01 / 19.01           0.01 / 0.00 / 0.00 / 0.00 / 11.91         -           
    MEMCPY_HtoD                                       10      - / - / - / - / -                           0.01 / 0.00 / 0.00 / 0.00 / 100.00        -           
  add_n node_creation                                 10      0.07 / 0.01 / 0.01 / 0.01 / 12.33           0.00 / 0.00 / 0.00 / 0.00 / 0.00          -           
  void Eigen::internal::EigenMetaKernel<Eigen::Te...  10      - / - / - / - / -                           0.03 / 0.00 / 0.00 / 0.00 / 29.11         -           
  void phi::SumArrayCUDAKernel<float>(float**, fl...  10      - / - / - / - / -                           0.05 / 0.01 / 0.01 / 0.00 / 58.98         -           
ScaleGradNode                                         30      0.42 / 0.01 / 0.02 / 0.01 / 0.01            0.08 / 0.00 / 0.00 / 0.00 / 0.00          0           
  scale infer_meta                                    30      0.01 / 0.00 / 0.00 / 0.00 / 2.55            0.00 / 0.00 / 0.00 / 0.00 / 0.00          -           
  scale compute                                       30      0.23 / 0.01 / 0.01 / 0.01 / 55.27           0.08 / 0.00 / 0.00 / 0.00 / 100.00        -           
    void phi::funcs::VectorizedElementwiseKernel<...  30      - / - / - / - / -                           0.08 / 0.00 / 0.00 / 0.00 / 100.00        -           
AbsGradNode                                           20      0.40 / 0.02 / 0.04 / 0.01 / 0.01            0.08 / 0.00 / 0.00 / 0.00 / 0.00          0           
  abs_grad infer_meta                                 20      0.01 / 0.00 / 0.00 / 0.00 / 2.15            0.00 / 0.00 / 0.00 / 0.00 / 0.00          -           
  abs_grad compute                                    20      0.22 / 0.01 / 0.02 / 0.01 / 54.59           0.08 / 0.00 / 0.00 / 0.00 / 100.00        -           
    void phi::funcs::VectorizedElementwiseKernel<...  20      - / - / - / - / -                           0.08 / 0.00 / 0.00 / 0.00 / 100.00        -           
one_hot dygraph                                       10      0.42 / 0.04 / 0.05 / 0.04 / 0.01            0.07 / 0.01 / 0.01 / 0.01 / 0.00          0           
  one_hot infer_meta                                  10      0.02 / 0.00 / 0.01 / 0.00 / 4.99            0.00 / 0.00 / 0.00 / 0.00 / 0.00          -           
  one_hot compute                                     10      0.33 / 0.03 / 0.04 / 0.03 / 79.45           0.07 / 0.01 / 0.01 / 0.01 / 100.00        -           
    void Eigen::internal::EigenMetaKernel<Eigen::...  10      - / - / - / - / -                           0.04 / 0.00 / 0.00 / 0.00 / 52.09         -           
    void phi::FillOutputKernel<int, float>(int co...  10      - / - / - / - / -                           0.04 / 0.00 / 0.00 / 0.00 / 47.91         -           
abs dygraph                                           20      0.45 / 0.02 / 0.03 / 0.02 / 0.01            0.07 / 0.00 / 0.00 / 0.00 / 0.00          0           
  abs infer_meta                                      20      0.01 / 0.00 / 0.00 / 0.00 / 2.38            0.00 / 0.00 / 0.00 / 0.00 / 0.00          -           
  abs compute                                         20      0.29 / 0.01 / 0.02 / 0.01 / 64.26           0.07 / 0.00 / 0.00 / 0.00 / 100.00        -           
    void phi::funcs::VectorizedElementwiseKernel<...  20      - / - / - / - / -                           0.07 / 0.00 / 0.00 / 0.00 / 100.00        -           
  abs node_creation                                   20      0.03 / 0.00 / 0.00 / 0.00 / 7.45            0.00 / 0.00 / 0.00 / 0.00 / 0.00          -           
MultiplyGradNode                                      10      0.38 / 0.04 / 0.05 / 0.03 / 0.01            0.06 / 0.01 / 0.01 / 0.01 / 0.00          0           
  multiply_grad infer_meta                            10      0.01 / 0.00 / 0.00 / 0.00 / 2.18            0.00 / 0.00 / 0.00 / 0.00 / 0.00          -           
  multiply_grad compute                               10      0.22 / 0.02 / 0.03 / 0.02 / 59.50           0.06 / 0.01 / 0.01 / 0.01 / 100.00        -           
    void phi::funcs::VectorizedBroadcastKernel<ph...  10      - / - / - / - / -                           0.06 / 0.01 / 0.01 / 0.01 / 100.00        -           
MeanAllGradNode                                       20      0.41 / 0.02 / 0.04 / 0.01 / 0.01            0.06 / 0.00 / 0.00 / 0.00 / 0.00          0           
  mean_all_grad infer_meta                            20      0.01 / 0.00 / 0.00 / 0.00 / 2.14            0.00 / 0.00 / 0.00 / 0.00 / 0.00          -           
  mean_all_grad compute                               20      0.22 / 0.01 / 0.02 / 0.01 / 54.06           0.06 / 0.00 / 0.00 / 0.00 / 100.00        -           
    void phi::MeanRunKernel<float>(float const*, ...  20      - / - / - / - / -                           0.06 / 0.00 / 0.00 / 0.00 / 100.00        -           
CrossEntropyWithSoftmaxGradNode                       10      0.29 / 0.03 / 0.05 / 0.03 / 0.00            0.05 / 0.01 / 0.01 / 0.01 / 0.00          0           
  cross_entropy_with_softmax_grad infer_meta          10      0.01 / 0.00 / 0.00 / 0.00 / 3.11            0.00 / 0.00 / 0.00 / 0.00 / 0.00          -           
  cross_entropy_with_softmax_grad compute             10      0.15 / 0.01 / 0.02 / 0.01 / 50.09           0.05 / 0.01 / 0.01 / 0.01 / 100.00        -           
    void phi::SoftmaxWithCrossEntropyGradHardLabe...  10      - / - / - / - / -                           0.05 / 0.01 / 0.01 / 0.01 / 100.00        -           
tile dygraph                                          10      0.34 / 0.03 / 0.04 / 0.03 / 0.01            0.04 / 0.00 / 0.00 / 0.00 / 0.00          0           
  tile infer_meta                                     10      0.02 / 0.00 / 0.00 / 0.00 / 5.31            0.00 / 0.00 / 0.00 / 0.00 / 0.00          -           
  tile compute                                        10      0.27 / 0.03 / 0.03 / 0.02 / 77.83           0.04 / 0.00 / 0.00 / 0.00 / 100.00        -           
    void phi::funcs::VectorizedBroadcastKernel<ph...  10      - / - / - / - / -                           0.04 / 0.00 / 0.00 / 0.00 / 100.00        -           
full_ dygraph                                         10      0.42 / 0.04 / 0.10 / 0.03 / 0.01            0.04 / 0.00 / 0.00 / 0.00 / 0.00          0           
  full_ infer_meta                                    10      0.02 / 0.00 / 0.00 / 0.00 / 3.79            0.00 / 0.00 / 0.00 / 0.00 / 0.00          -           
  full_ compute                                       10      0.28 / 0.03 / 0.07 / 0.02 / 67.58           0.04 / 0.00 / 0.00 / 0.00 / 100.00        -           
    void phi::funcs::VectorizedElementwiseKernel<...  10      - / - / - / - / -                           0.04 / 0.00 / 0.00 / 0.00 / 100.00        -           
bitwise_not dygraph                                   10      0.20 / 0.02 / 0.03 / 0.02 / 0.00            0.03 / 0.00 / 0.00 / 0.00 / 0.00          0           
  bitwise_not infer_meta                              10      0.01 / 0.00 / 0.00 / 0.00 / 3.56            0.00 / 0.00 / 0.00 / 0.00 / 0.00          -           
  bitwise_not compute                                 10      0.14 / 0.01 / 0.02 / 0.01 / 68.56           0.03 / 0.00 / 0.00 / 0.00 / 100.00        -           
    void phi::funcs::VectorizedElementwiseKernel<...  10      - / - / - / - / -                           0.03 / 0.00 / 0.00 / 0.00 / 100.00        -           
squeeze dygraph                                       30      1.02 / 0.03 / 0.06 / 0.01 / 0.02            0.02 / 0.00 / 0.00 / 0.00 / 0.00          0           
  squeeze infer_meta                                  30      0.08 / 0.00 / 0.00 / 0.00 / 8.14            0.00 / 0.00 / 0.00 / 0.00 / 0.00          -           
  squeeze compute                                     30      0.04 / 0.00 / 0.00 / 0.00 / 3.53            0.00 / 0.00 / 0.00 / 0.00 / 0.00          -           
  squeeze node_creation                               10      0.02 / 0.00 / 0.00 / 0.00 / 1.84            0.00 / 0.00 / 0.00 / 0.00 / 0.00          -           
  GpuMemcpySync:CUDAPinned->GPU                       20      0.45 / 0.02 / 0.03 / 0.02 / 43.63           0.02 / 0.00 / 0.00 / 0.00 / 100.00        -           
    MEMCPY_HtoD                                       20      - / - / - / - / -                           0.02 / 0.00 / 0.00 / 0.00 / 100.00        -           
GradNodeAccumulation                                  560     2.10 / 0.00 / 0.02 / 0.00 / 0.03            0.00 / 0.00 / 0.00 / 0.00 / 0.00          0           
ReshapeGradNode                                       110     1.24 / 0.01 / 0.02 / 0.01 / 0.02            0.00 / 0.00 / 0.00 / 0.00 / 0.00          0           
  reshape_grad infer_meta                             110     0.09 / 0.00 / 0.00 / 0.00 / 7.16            0.00 / 0.00 / 0.00 / 0.00 / 0.00          -           
  reshape_grad compute                                110     0.13 / 0.00 / 0.00 / 0.00 / 10.69           0.00 / 0.00 / 0.00 / 0.00 / 0.00          -           
SqueezeGradNode                                       10      0.12 / 0.01 / 0.02 / 0.01 / 0.00            0.00 / 0.00 / 0.00 / 0.00 / 0.00          0           
  squeeze_grad infer_meta                             10      0.00 / 0.00 / 0.00 / 0.00 / 3.98            0.00 / 0.00 / 0.00 / 0.00 / 0.00          -           
  squeeze_grad compute                                10      0.02 / 0.00 / 0.00 / 0.00 / 15.94           0.00 / 0.00 / 0.00 / 0.00 / 0.00          -           
SubtractGradNode                                      20      0.22 / 0.01 / 0.02 / 0.01 / 0.00            0.00 / 0.00 / 0.00 / 0.00 / 0.00          0           
  subtract_grad infer_meta                            20      0.01 / 0.00 / 0.00 / 0.00 / 5.28            0.00 / 0.00 / 0.00 / 0.00 / 0.00          -           
  subtract_grad compute                               20      0.03 / 0.00 / 0.00 / 0.00 / 11.19           0.00 / 0.00 / 0.00 / 0.00 / 0.00          -           
unsqueeze dygraph                                     170     1.69 / 0.01 / 0.41 / 0.00 / 0.03            0.00 / 0.00 / 0.00 / 0.00 / 0.00          0           
  unsqueeze infer_meta                                170     0.23 / 0.00 / 0.01 / 0.00 / 13.38           0.00 / 0.00 / 0.00 / 0.00 / 0.00          -           
  unsqueeze compute                                   170     0.14 / 0.00 / 0.01 / 0.00 / 8.25            0.00 / 0.00 / 0.00 / 0.00 / 0.00          -           
reshape dygraph                                       210     2.24 / 0.01 / 0.03 / 0.00 / 0.04            0.00 / 0.00 / 0.00 / 0.00 / 0.00          0           
  reshape infer_meta                                  210     0.42 / 0.00 / 0.01 / 0.00 / 18.70           0.00 / 0.00 / 0.00 / 0.00 / 0.00          -           
  reshape compute                                     210     0.20 / 0.00 / 0.00 / 0.00 / 9.06            0.00 / 0.00 / 0.00 / 0.00 / 0.00          -           
  reshape node_creation                               110     0.25 / 0.00 / 0.01 / 0.00 / 10.96           0.00 / 0.00 / 0.00 / 0.00 / 0.00          -           
shape dygraph                                         80      0.79 / 0.01 / 0.02 / 0.01 / 0.01            0.00 / 0.00 / 0.00 / 0.00 / 0.00          0           
  shape infer_meta                                    80      0.06 / 0.00 / 0.01 / 0.00 / 7.61            0.00 / 0.00 / 0.00 / 0.00 / 0.00          -           
  shape compute                                       80      0.31 / 0.00 / 0.01 / 0.00 / 39.85           0.00 / 0.00 / 0.00 / 0.00 / 0.00          -           
flatten dygraph                                       200     1.99 / 0.01 / 0.04 / 0.00 / 0.03            0.00 / 0.00 / 0.00 / 0.00 / 0.00          0           
  flatten infer_meta                                  200     0.32 / 0.00 / 0.01 / 0.00 / 16.26           0.00 / 0.00 / 0.00 / 0.00 / 0.00          -           
  flatten compute                                     200     0.30 / 0.00 / 0.00 / 0.00 / 14.83           0.00 / 0.00 / 0.00 / 0.00 / 0.00          -           
----------------------------------------------------  ------  ------------------------------------------  ----------------------------------------  ----------  


---------------------------------------------------------------Kernel Summary---------------------------------------------------------------
Time unit: ms
------------------------------------------------------------------------------------------  ------  ----------------------------------------  
Name                                                                                        Calls   GPU Total / Avg / Max / Min / Ratio(%)    
------------------------------------------------------------------------------------------  ------  ----------------------------------------  
volta_scudnn_128x128_stridedB_splitK_small_nn_v1                                            107     1668.06 / 15.59 / 33.60 / 2.21 / 25.68    
void cudnn::detail::dgrad_engine<float, 512, 6, 5, 3, 3, 3, false>                          50      776.56 / 15.53 / 28.22 / 0.30 / 11.96     
volta_scudnn_128x64_relu_interior_nn_v1                                                     312     638.34 / 2.05 / 15.56 / 0.08 / 9.83       
volta_scudnn_128x128_stridedB_medium_nn_v1                                                  134     426.43 / 3.18 / 8.09 / 0.08 / 6.57        
volta_scudnn_128x32_relu_small_nn_v1                                                        20      382.27 / 19.11 / 19.40 / 18.88 / 5.89     
volta_scudnn_128x128_dgrad_exp_small_nhwc_tt_v1                                             21      358.71 / 17.08 / 17.36 / 13.79 / 5.52     
void phi::GPURoiAlignBackward<float>                                                        10      248.09 / 24.81 / 36.14 / 19.36 / 3.82     
void cudnn::bn_fw_inf_1C11_kernel_NCHW<float, float, true, 1>                               530     236.22 / 0.45 / 3.30 / 0.01 / 3.64        
volta_scudnn_128x64_relu_xregs_large_nn_v1                                                  25      190.81 / 7.63 / 18.31 / 0.53 / 2.94       
volta_scudnn_winograd_128x128_ldg1_ldg4_relu_tile148t_nt_v1                                 192     188.42 / 0.98 / 8.65 / 0.25 / 2.90        
void implicit_convolve_sgemm<float, float, 512, 6, 8, 3, 3, 5, 1, false, false, true>       10      185.77 / 18.58 / 18.79 / 18.46 / 2.86     
void phi::funcs::VectorizedBroadcastKernel<phi::funcs::AddFunctor<float>, float, 2, 1, ...  440     164.25 / 0.37 / 2.96 / 0.00 / 2.53        
void phi::KeBNBackwardData<float, (phi::DataLayout)2>                                       420     123.28 / 0.29 / 1.53 / 0.02 / 1.90        
void phi::funcs::VectorizedElementwiseKernel<float, phi::funcs::CudaReluGradFunctor<flo...  410     106.06 / 0.26 / 1.49 / 0.02 / 1.63        
void wgrad_alg0_engine<float, 128, 6, 7, 3, 3, 5, false, 512>                               204     106.00 / 0.52 / 10.61 / 0.19 / 1.63       
void phi::GPURoiAlignForward<float>                                                         10      102.86 / 10.29 / 12.67 / 9.17 / 1.58      
void phi::funcs::VectorizedElementwiseKernel<float, phi::funcs::CudaReluFunctor<float>,...  510     88.38 / 0.17 / 1.01 / 0.01 / 1.36         
void cudnn::detail::dgrad_alg1_engine<float, 128, 6, 8, 3, 3, 5, false, true>               10      41.80 / 4.18 / 5.23 / 2.49 / 0.64         
volta_scudnn_128x64_stridedB_small_nn_v1                                                    111     38.92 / 0.35 / 1.17 / 0.05 / 0.60         
volta_scudnn_128x128_relu_small_nn_v1                                                       44      37.66 / 0.86 / 3.65 / 0.21 / 0.58         
void cudnn::ops::scalePackedTensor_kernel<float, float>                                     94      35.50 / 0.38 / 1.34 / 0.01 / 0.55         
void wgrad_alg0_engine<float, 128, 6, 8, 3, 3, 5, false, 512>                               36      30.97 / 0.86 / 1.90 / 0.45 / 0.48         
volta_sgemm_32x128_nt                                                                       28      22.84 / 0.82 / 3.60 / 0.04 / 0.35         
void cudnn::detail::dgrad_engine<float, 128, 6, 7, 3, 3, 5, false>                          31      22.03 / 0.71 / 1.94 / 0.35 / 0.34         
volta_sgemm_64x64_nt                                                                        80      21.36 / 0.27 / 0.52 / 0.14 / 0.33         
void phi::funcs::KernelPool2DGrad<float, phi::funcs::AvgPoolGrad<float> >                   10      20.06 / 2.01 / 2.02 / 2.00 / 0.31         
phi::NMSKernel(int, float, float const*, unsigned long*, bool)                              20      19.53 / 0.98 / 1.07 / 0.77 / 0.30         
volta_scudnn_128x64_relu_medium_nn_v1                                                       35      18.66 / 0.53 / 1.03 / 0.09 / 0.29         
void cudnn::cnn::wgrad_alg1_engine<float, float, 128, 6, 8, 3, 3, 5, false, true>           1       14.62 / 14.62 / 14.62 / 14.62 / 0.23      
void Eigen::internal::EigenMetaKernel<Eigen::TensorEvaluator<Eigen::TensorAssignOp<Eige...  604     13.77 / 0.02 / 0.54 / 0.00 / 0.21         
void phi::funcs::ReduceAnyKernel<float, float, float, phi::kps::AddFunctor<float>, phi:...  10      12.67 / 1.27 / 1.27 / 1.26 / 0.20         
void phi::funcs::ForRangeElemwiseOp<phi::DenseMomentumFunctor<float, float, float, (phi...  490     10.71 / 0.02 / 0.24 / 0.00 / 0.16         
void cudnn::detail::dgrad_alg1_engine<float, 128, 6, 7, 3, 3, 5, false, true>               3       9.54 / 3.18 / 3.75 / 2.62 / 0.15          
volta_scudnn_128x128_stridedB_splitK_medium_nn_v1                                           7       7.94 / 1.13 / 2.06 / 0.43 / 0.12          
void cudnn::ops::nchwToNhwcKernel<float, float, float, false, true, (cudnnKernelDataTyp...  54      6.93 / 0.13 / 0.26 / 0.01 / 0.11          
void cudnn::ops::nhwcToNchwKernel<float, float, float, true, false, (cudnnKernelDataTyp...  30      6.77 / 0.23 / 0.31 / 0.02 / 0.10          
void wgrad_alg0_engine<float, 512, 6, 5, 3, 3, 3, false, 512>                               6       6.68 / 1.11 / 1.32 / 0.89 / 0.10          
void cudnn::winograd_nonfused::winogradWgradData4x4<float, float>                           88      5.83 / 0.07 / 0.23 / 0.03 / 0.09          
void cudnn::winograd_nonfused::winogradWgradDelta4x4<float, float>                          88      5.74 / 0.07 / 0.22 / 0.03 / 0.09          
volta_scudnn_128x32_sliced1x4_ldg4_relu_exp_medium_nhwc_tn_v1                               3       4.66 / 1.55 / 2.17 / 0.60 / 0.07          
void cudnn::winograd::generateWinogradTilesKernel<0, float, float>                          192     4.35 / 0.02 / 0.15 / 0.00 / 0.07          
void wgrad_alg0_engine<float, 128, 5, 5, 3, 3, 3, false, 512>                               17      4.29 / 0.25 / 0.60 / 0.09 / 0.07          
void phi::FilterBBoxes<float, 512>                                                          20      3.76 / 0.19 / 0.20 / 0.18 / 0.06          
void cudnn::winograd_nonfused::winogradWgradOutput4x4<float, float>                         88      3.27 / 0.04 / 0.26 / 0.01 / 0.05          
volta_scudnn_128x64_stridedB_splitK_xregs_large_nn_v1                                       4       3.24 / 0.81 / 0.99 / 0.61 / 0.05          
void pooling_fw_4d_kernel<float, float, cudnn::maxpooling_func<float, (cudnnNanPropagat...  10      3.04 / 0.30 / 0.42 / 0.20 / 0.05          
void Eigen::internal::EigenMetaKernel<Eigen::TensorEvaluator<Eigen::TensorAssignOp<Eige...  780     2.55 / 0.00 / 0.01 / 0.00 / 0.04          
volta_scudnn_128x128_dgrad_exp_interior_nhwc_tt_v1                                          6       2.45 / 0.41 / 0.41 / 0.41 / 0.04          
void phi::funcs::ScatterCUDAKernel<float, long>                                             40      2.41 / 0.06 / 0.37 / 0.00 / 0.04          
void phi::funcs::GatherCUDAKernel<float, long>                                              120     2.29 / 0.02 / 0.30 / 0.00 / 0.04          
void phi::funcs::KeMatrixTopK<float, 1, 64>                                                 40      2.19 / 0.05 / 0.15 / 0.00 / 0.03          
void phi::funcs::VectorizedBroadcastKernel<phi::funcs::AddFunctor<float>, float, 2, 1, ...  76      2.08 / 0.03 / 0.12 / 0.01 / 0.03          
void cub::RadixSortScanBinsKernel<cub::DeviceRadixSortPolicy<float, int, int>::Policy70...  100     2.07 / 0.02 / 0.02 / 0.02 / 0.03          
void cub::RadixSortScanBinsKernel<cub::DeviceRadixSortPolicy<int, int, int>::Policy700,...  100     2.07 / 0.02 / 0.02 / 0.02 / 0.03          
volta_sgemm_32x128_nn                                                                       10      2.00 / 0.20 / 0.21 / 0.19 / 0.03          
volta_scudnn_128x64_3dconv_fprop_small_nn_v1                                                4       1.99 / 0.50 / 0.97 / 0.34 / 0.03          
void cask_cudnn::computeOffsetsKernel<false, false>                                         449     1.71 / 0.00 / 0.01 / 0.00 / 0.03          
volta_sgemm_128x32_tn                                                                       20      1.66 / 0.08 / 0.13 / 0.04 / 0.03          
void phi::funcs::VectorizedBroadcastKernel<phi::funcs::SubtractFunctor<float>, float, 2...  440     1.63 / 0.00 / 0.05 / 0.00 / 0.03          
volta_scudnn_128x32_relu_interior_nn_v1                                                     9       1.58 / 0.18 / 0.26 / 0.13 / 0.02          
void phi::funcs::ReduceAnyKernel<float, float, float, phi::kps::AddFunctor<float>, phi:...  50      1.45 / 0.03 / 0.08 / 0.01 / 0.02          
void cub::DeviceRadixSortDownsweepKernel<cub::DeviceRadixSortPolicy<int, int, int>::Pol...  60      1.29 / 0.02 / 0.03 / 0.02 / 0.02          
void phi::funcs::ScatterInitCUDAKernel<float, long>                                         40      1.28 / 0.03 / 0.19 / 0.00 / 0.02          
void cub::DeviceRadixSortDownsweepKernel<cub::DeviceRadixSortPolicy<float, int, int>::P...  60      1.27 / 0.02 / 0.04 / 0.02 / 0.02          
void phi::funcs::SelectKernel<bool, bool, long, long, phi::IndexFunctor<bool, long, lon...  140     1.25 / 0.01 / 0.01 / 0.01 / 0.02          
volta_sgemm_64x32_sliced1x4_nn                                                              10      1.22 / 0.12 / 0.12 / 0.12 / 0.02          
void phi::funcs::VectorizedElementwiseKernel<int, phi::FullFunctor<int, int>, 0, 1, 4>      470     1.21 / 0.00 / 0.00 / 0.00 / 0.02          
void phi::funcs::CumsumOneBlock<long, long, phi::kps::AddFunctor<long>, 2>                  190     1.08 / 0.01 / 0.02 / 0.00 / 0.02          
void cask_cudnn::computeOffsetsKernel<true, false>                                          272     1.03 / 0.00 / 0.00 / 0.00 / 0.02          
void phi::funcs::VectorizedElementwiseKernel<float, phi::ScaleFunctor<float, float>, 1,...  350     0.99 / 0.00 / 0.00 / 0.00 / 0.02          
void cub::DeviceRadixSortDownsweepKernel<cub::DeviceRadixSortPolicy<int, int, int>::Pol...  40      0.93 / 0.02 / 0.03 / 0.02 / 0.01          
void phi::funcs::VectorizedElementwiseKernel<float, phi::FullFunctor<float, float>, 0, ...  300     0.90 / 0.00 / 0.01 / 0.00 / 0.01          
void cub::DeviceRadixSortDownsweepKernel<cub::DeviceRadixSortPolicy<float, int, int>::P...  40      0.90 / 0.02 / 0.03 / 0.02 / 0.01          
void phi::funcs::ReduceHigherDimKernel<float, float, float, phi::kps::AddFunctor<float>...  90      0.89 / 0.01 / 0.04 / 0.00 / 0.01          
volta_scudnn_128x32_3dconv_fprop_small_nn_v1                                                1       0.87 / 0.87 / 0.87 / 0.87 / 0.01          
void phi::funcs::SelectKernel<float, float, long, long, phi::IndexFunctor<float, long, ...  10      0.86 / 0.09 / 0.13 / 0.05 / 0.01          
cask_cudnn::computeBOffsetsKernel(cask_cudnn::ComputeBOffsetsParams)                        277     0.85 / 0.00 / 0.00 / 0.00 / 0.01          
void cub::DeviceRadixSortSingleTileKernel<cub::DeviceRadixSortPolicy<int, int, int>::Po...  60      0.81 / 0.01 / 0.02 / 0.01 / 0.01          
void phi::funcs::VectorizedBroadcastKernel<phi::funcs::DivideFunctor<float, void>, floa...  160     0.74 / 0.00 / 0.03 / 0.00 / 0.01          
void implicit_convolve_sgemm<float, float, 1024, 5, 5, 3, 3, 3, 1, false, false, true>      5       0.64 / 0.13 / 0.14 / 0.12 / 0.01          
void phi::funcs::VectorizedElementwiseKernel<long, phi::FullFunctor<long, long>, 0, 1, 2>   212     0.54 / 0.00 / 0.00 / 0.00 / 0.01          
void cub::DeviceRadixSortUpsweepKernel<cub::DeviceRadixSortPolicy<float, int, int>::Pol...  60      0.51 / 0.01 / 0.01 / 0.01 / 0.01          
void cub::DeviceRadixSortUpsweepKernel<cub::DeviceRadixSortPolicy<int, int, int>::Polic...  60      0.51 / 0.01 / 0.01 / 0.01 / 0.01          
void phi::funcs::GetBlockCountKernel<bool, long, 4>                                         140     0.47 / 0.00 / 0.00 / 0.00 / 0.01          
void phi::funcs::VectorizedBroadcastKernel<phi::funcs::GreaterThanFunctor<float, bool>,...  100     0.47 / 0.00 / 0.02 / 0.00 / 0.01          
void phi::funcs::VectorizedElementwiseKernel<int, phi::CondFunctor<int>, 3, 1, 4>           140     0.43 / 0.00 / 0.00 / 0.00 / 0.01          
void phi::funcs::VectorizedBroadcastKernel<phi::funcs::LogicalAndFunctor<bool>, bool, 2...  130     0.43 / 0.00 / 0.01 / 0.00 / 0.01          
void phi::funcs::ReduceAnyKernel<float, float, float, phi::kps::MulFunctor<float>, phi:...  40      0.42 / 0.01 / 0.05 / 0.00 / 0.01          
cask_cudnn::computeWgradSplitKOffsetsKernel(cask_cudnn::ComputeSplitKOffsetsParams)         118     0.40 / 0.00 / 0.00 / 0.00 / 0.01          
void cub::DeviceRadixSortUpsweepKernel<cub::DeviceRadixSortPolicy<float, int, int>::Pol...  40      0.40 / 0.01 / 0.01 / 0.01 / 0.01          
void cub::DeviceRadixSortUpsweepKernel<cub::DeviceRadixSortPolicy<int, int, int>::Polic...  40      0.39 / 0.01 / 0.01 / 0.01 / 0.01          
void phi::funcs::GatherCUDAKernel<float, int>                                               100     0.38 / 0.00 / 0.00 / 0.00 / 0.01          
cask_cudnn::computeWgradBOffsetsKernel(cask_cudnn::ComputeWgradBOffsetsParams)              118     0.37 / 0.00 / 0.00 / 0.00 / 0.01          
void phi::funcs::VectorizedBroadcastKernel<phi::funcs::NotEqualFunctor<int, bool>, bool...  120     0.37 / 0.00 / 0.00 / 0.00 / 0.01          
void phi::funcs::GatherCUDAKernel<int, int>                                                 100     0.35 / 0.00 / 0.00 / 0.00 / 0.01          
void Eigen::internal::EigenMetaKernel<Eigen::TensorEvaluator<Eigen::TensorAssignOp<Eige...  80      0.32 / 0.00 / 0.02 / 0.00 / 0.00          
void phi::funcs::DistributionKernel<int, phi::funcs::uniform_distribution<unsigned int>...  80      0.31 / 0.00 / 0.01 / 0.00 / 0.00          
void precomputed_convolve_sgemm<float, 1024, 5, 5, 4, 3, 3, 1, false>                       3       0.30 / 0.10 / 0.10 / 0.10 / 0.00          
void phi::funcs::VectorizedBroadcastKernel<phi::funcs::EqualFunctor<long, bool>, bool, ...  104     0.30 / 0.00 / 0.00 / 0.00 / 0.00          
void phi::funcs::VectorizedBroadcastKernel<phi::funcs::AddFunctor<float>, float, 2, 1, ...  44      0.30 / 0.01 / 0.01 / 0.00 / 0.00          
void phi::funcs::VectorizedBroadcastKernel<phi::funcs::EqualFunctor<int, bool>, bool, 2...  90      0.29 / 0.00 / 0.00 / 0.00 / 0.00          
void phi::funcs::VectorizedElementwiseKernel<float, phi::ClipFunctor<float>, 1, 1, 4>       40      0.28 / 0.01 / 0.03 / 0.00 / 0.00          
void phi::funcs::VectorizedBroadcastKernel<phi::funcs::MinimumFunctor<float>, float, 2,...  34      0.27 / 0.01 / 0.02 / 0.00 / 0.00          
void phi::funcs::VectorizedBroadcastKernel<phi::funcs::MaximumFunctor<float>, float, 2,...  34      0.27 / 0.01 / 0.02 / 0.00 / 0.00          
void phi::funcs::VectorizedBroadcastKernel<phi::kps::IdentityFunctor<float, float>, flo...  40      0.27 / 0.01 / 0.02 / 0.00 / 0.00          
void phi::funcs::VectorizedBroadcastKernel<phi::funcs::MultiplyFunctor<float>, float, 2...  80      0.26 / 0.00 / 0.00 / 0.00 / 0.00          
void Eigen::internal::EigenMetaKernel<Eigen::TensorEvaluator<Eigen::TensorAssignOp<Eige...  80      0.25 / 0.00 / 0.00 / 0.00 / 0.00          
void phi::funcs::VectorizedBroadcastKernel<phi::funcs::GreaterThanFunctor<long, bool>, ...  78      0.24 / 0.00 / 0.00 / 0.00 / 0.00          
void Eigen::internal::EigenMetaKernel<Eigen::TensorEvaluator<Eigen::TensorAssignOp<Eige...  80      0.24 / 0.00 / 0.00 / 0.00 / 0.00          
void phi::funcs::VectorizedElementwiseKernel<int, phi::CastFunctor<long, int>, 1, 1, 2>     80      0.24 / 0.00 / 0.00 / 0.00 / 0.00          
void phi::funcs::VectorizedElementwiseKernel<float, phi::CondFunctor<float>, 3, 1, 4>       40      0.23 / 0.01 / 0.03 / 0.00 / 0.00          
void phi::funcs::ForRangeElemwiseOpGridIsOne<phi::DenseMomentumFunctor<float, float, fl...  70      0.23 / 0.00 / 0.00 / 0.00 / 0.00          
void phi::SwapRepeatKernel<int, int>                                                        80      0.23 / 0.00 / 0.01 / 0.00 / 0.00          
void phi::funcs::ForRangeElemwiseOp<phi::BoxDecodeAndClipFunctor<float> >                   20      0.22 / 0.01 / 0.01 / 0.01 / 0.00          
void phi::funcs::VectorizedElementwiseKernel<float, phi::funcs::CudaLogFunctor<float>, ...  60      0.22 / 0.00 / 0.01 / 0.00 / 0.00          
void phi::funcs::GetBlockCountKernel<float, long, 4>                                        10      0.20 / 0.02 / 0.03 / 0.01 / 0.00          
void phi::funcs::VectorizedElementwiseKernel<long, phi::CastFunctor<int, long>, 1, 1, 2>    30      0.19 / 0.01 / 0.03 / 0.00 / 0.00          
void Eigen::internal::EigenMetaKernel<Eigen::TensorEvaluator<Eigen::TensorAssignOp<Eige...  40      0.19 / 0.00 / 0.01 / 0.00 / 0.00          
void phi::funcs::StackCudaKernel<float, int, phi::funcs::ConstPointerArray<float, (phi:...  40      0.18 / 0.00 / 0.01 / 0.00 / 0.00          
void phi::funcs::GatherCUDAKernel<int, long>                                                50      0.18 / 0.00 / 0.00 / 0.00 / 0.00          
void Eigen::internal::EigenMetaKernel<Eigen::TensorEvaluator<Eigen::TensorAssignOp<Eige...  40      0.18 / 0.00 / 0.01 / 0.00 / 0.00          
void phi::funcs::ReduceHigherDimKernel<long, long, long, phi::kps::AddFunctor<long>, ph...  17      0.17 / 0.01 / 0.03 / 0.00 / 0.00          
void phi::funcs::VectorizedBroadcastKernel<phi::funcs::EqualFunctor<float, bool>, bool,...  20      0.17 / 0.01 / 0.02 / 0.01 / 0.00          
void phi::funcs::GetBlockCountKernel<int, long, 4>                                          40      0.16 / 0.00 / 0.01 / 0.00 / 0.00          
void phi::funcs::TilingSwapDim1And2<float, 256, 32, 32, int>                                20      0.16 / 0.01 / 0.01 / 0.01 / 0.00          
void phi::funcs::VectorizedElementwiseKernel<long, phi::ScaleFunctor<long, long>, 1, 1, 2>  42      0.15 / 0.00 / 0.00 / 0.00 / 0.00          
void phi::funcs::GatherNdCUDAKernel<float, long>                                            20      0.15 / 0.01 / 0.01 / 0.01 / 0.00          
void phi::funcs::ScatterNdCUDAKernel<float, long>                                           20      0.15 / 0.01 / 0.02 / 0.00 / 0.00          
void Eigen::internal::EigenMetaKernel<Eigen::TensorEvaluator<Eigen::TensorAssignOp<Eige...  40      0.15 / 0.00 / 0.00 / 0.00 / 0.00          
void phi::funcs::VectorizedBroadcastKernel<phi::funcs::LessThanFunctor<float, bool>, bo...  40      0.14 / 0.00 / 0.00 / 0.00 / 0.00          
void phi::funcs::VectorizedBroadcastKernel<phi::funcs::GreaterEqualFunctor<float, bool>...  40      0.14 / 0.00 / 0.00 / 0.00 / 0.00          
void phi::funcs::ScatterCUDAKernel<int, int>                                                40      0.14 / 0.00 / 0.00 / 0.00 / 0.00          
void phi::funcs::ReduceAnyKernel<float, float, float, phi::kps::MaxFunctor<float>, phi:...  17      0.13 / 0.01 / 0.02 / 0.01 / 0.00          
void phi::funcs::VectorizedElementwiseKernel<float, phi::SigmoidFwdFunctor<float>, 2, 2...  20      0.13 / 0.01 / 0.01 / 0.01 / 0.00          
void phi::funcs::VectorizedBroadcastKernel<phi::funcs::LessThanFunctor<long, bool>, boo...  42      0.13 / 0.00 / 0.00 / 0.00 / 0.00          
void phi::funcs::SplitTensorWithDifferentShape<float, int, phi::funcs::PointerArray<flo...  20      0.12 / 0.01 / 0.01 / 0.00 / 0.00          
void phi::funcs::ReduceHigherDimKernel<float, float, float, phi::kps::MaxFunctor<float>...  17      0.12 / 0.01 / 0.01 / 0.01 / 0.00          
void cub::DeviceReduceSingleTileKernel<cub::DeviceReducePolicy<float, float, int, phi::...  30      0.12 / 0.00 / 0.00 / 0.00 / 0.00          
void phi::funcs::VectorizedElementwiseKernel<int, phi::ScaleFunctor<int, int>, 1, 1, 4>     40      0.12 / 0.00 / 0.00 / 0.00 / 0.00          
void phi::funcs::ForRangeElemwiseOpGridIsOne<phi::RandpermKernel<int, phi::GPUContext>(...  44      0.11 / 0.00 / 0.00 / 0.00 / 0.00          
void phi::funcs::GatherCUDAKernel<long, long>                                               30      0.10 / 0.00 / 0.00 / 0.00 / 0.00          
void phi::funcs::VectorizedElementwiseKernel<float, phi::SigmoidBwdFunctor<float>, 3, 2...  20      0.10 / 0.01 / 0.01 / 0.00 / 0.00          
void phi::funcs::ForRangeElemwiseOp<phi::RandpermKernel<int, phi::GPUContext>(phi::GPUC...  36      0.10 / 0.00 / 0.00 / 0.00 / 0.00          
void phi::funcs::VectorizedElementwiseKernel<int, phi::CastFunctor<bool, int>, 1, 1, 4>     20      0.09 / 0.00 / 0.01 / 0.00 / 0.00          
void phi::WarpSoftmaxForward<float, long, float, float, 7, (phi::SoftmaxMode)2>             10      0.09 / 0.01 / 0.01 / 0.01 / 0.00          
void phi::funcs::ConcatTensorWithSameShape<int, 16, phi::funcs::AlignedPointerWrapper<f...  18      0.09 / 0.00 / 0.01 / 0.00 / 0.00          
void splitKreduce_kernel<float, float, float, float>                                        10      0.08 / 0.01 / 0.01 / 0.01 / 0.00          
void phi::funcs::GatherCUDAKernel<long, int>                                                20      0.08 / 0.00 / 0.00 / 0.00 / 0.00          
void phi::funcs::VectorizedElementwiseKernel<float, phi::AbsGradCUDAFunctor<float>, 2, ...  20      0.08 / 0.00 / 0.00 / 0.00 / 0.00          
void Eigen::internal::EigenMetaKernel<Eigen::TensorEvaluator<Eigen::TensorAssignOp<Eige...  20      0.08 / 0.00 / 0.00 / 0.00 / 0.00          
void phi::funcs::VectorizedBroadcastKernel<phi::funcs::GreaterEqualFunctor<int, bool>, ...  20      0.07 / 0.00 / 0.00 / 0.00 / 0.00          
volta_scudnn_128x32_relu_medium_nn_v1                                                       1       0.07 / 0.07 / 0.07 / 0.07 / 0.00          
void phi::funcs::VectorizedElementwiseKernel<float, phi::CastFunctor<int, float>, 1, 1, 4>  20      0.07 / 0.00 / 0.00 / 0.00 / 0.00          
void phi::funcs::VectorizedElementwiseKernel<float, phi::CudaAbsFunctor<float, void>, 1...  20      0.07 / 0.00 / 0.00 / 0.00 / 0.00          
void phi::Range<float, float>                                                               20      0.06 / 0.00 / 0.00 / 0.00 / 0.00          
void phi::funcs::VectorizedBroadcastKernel<phi::funcs::MultiplyFunctor<float>, float, 2...  10      0.06 / 0.01 / 0.01 / 0.01 / 0.00          
void phi::funcs::VectorizedBroadcastKernel<phi::funcs::MultiplyGradFunctor<float>, floa...  10      0.06 / 0.01 / 0.01 / 0.01 / 0.00          
void phi::Range<long, long>                                                                 20      0.06 / 0.00 / 0.00 / 0.00 / 0.00          
void phi::MeanRunKernel<float>                                                              20      0.06 / 0.00 / 0.00 / 0.00 / 0.00          
void phi::funcs::ForRangeElemwiseOp<phi::funcs::RangeInitFunctor>                           20      0.06 / 0.00 / 0.00 / 0.00 / 0.00          
void phi::funcs::VectorizedElementwiseKernel<long, phi::CastFunctor<bool, long>, 1, 1, 2>   20      0.06 / 0.00 / 0.00 / 0.00 / 0.00          
void phi::SoftmaxWithCrossEntropyGradHardLabel<float, long>                                 10      0.05 / 0.01 / 0.01 / 0.01 / 0.00          
void phi::SumArrayCUDAKernel<float>                                                         10      0.05 / 0.01 / 0.01 / 0.00 / 0.00          
void cub::DeviceReduceKernel<cub::DeviceReducePolicy<float, float, int, phi::kps::AddFu...  10      0.05 / 0.01 / 0.01 / 0.00 / 0.00          
void cub::DeviceReduceSingleTileKernel<cub::DeviceReducePolicy<long, long, int, phi::kp...  10      0.05 / 0.01 / 0.01 / 0.01 / 0.00          
void phi::funcs::TilingSwapDim1And2<unsigned int, 32, 32, 15, int>                          6       0.05 / 0.01 / 0.01 / 0.01 / 0.00          
void cub::DeviceReduceSingleTileKernel<cub::DeviceReducePolicy<float, float, int, phi::...  10      0.05 / 0.01 / 0.01 / 0.00 / 0.00          
void phi::funcs::TilingSwapDim1And2<unsigned int, 32, 15, 32, int>                          6       0.05 / 0.01 / 0.01 / 0.01 / 0.00          
void cub::DeviceReduceSingleTileKernel<cub::DeviceReducePolicy<float, float, int, phi::...  10      0.05 / 0.00 / 0.00 / 0.00 / 0.00          
void phi::funcs::VectorizedBroadcastKernel<phi::funcs::AddFunctor<long>, long, 2, 1, 2, 2>  10      0.04 / 0.00 / 0.00 / 0.00 / 0.00          
void phi::funcs::ConcatTensorWithSameShape<int, 8, phi::funcs::AlignedPointerWrapper<lo...  10      0.04 / 0.00 / 0.00 / 0.00 / 0.00          
void phi::funcs::VectorizedBroadcastKernel<phi::kps::IdentityFunctor<long, long>, long,...  10      0.04 / 0.00 / 0.00 / 0.00 / 0.00          
void phi::funcs::VectorizedBroadcastKernel<phi::funcs::MinimumFunctor<float>, float, 2,...  6       0.04 / 0.01 / 0.01 / 0.01 / 0.00          
void phi::funcs::VectorizedBroadcastKernel<phi::funcs::MaximumFunctor<float>, float, 2,...  6       0.04 / 0.01 / 0.01 / 0.01 / 0.00          
void phi::FillOutputKernel<int, float>                                                      10      0.04 / 0.00 / 0.00 / 0.00 / 0.00          
void phi::funcs::VectorizedBroadcastKernel<phi::funcs::MultiplyFunctor<long>, long, 2, ...  10      0.03 / 0.00 / 0.00 / 0.00 / 0.00          
void phi::funcs::VectorizedBroadcastKernel<phi::funcs::NotEqualFunctor<long, bool>, boo...  10      0.03 / 0.00 / 0.00 / 0.00 / 0.00          
void phi::funcs::VectorizedBroadcastKernel<phi::funcs::GreaterEqualFunctor<long, bool>,...  10      0.03 / 0.00 / 0.00 / 0.00 / 0.00          
void phi::funcs::StackCudaKernel<int, int, phi::funcs::ConstPointerArray<int, (phi::fun...  8       0.03 / 0.00 / 0.00 / 0.00 / 0.00          
void phi::funcs::VectorizedElementwiseKernel<bool, phi::CastFunctor<bool, bool>, 1, 1, 4>   10      0.03 / 0.00 / 0.00 / 0.00 / 0.00          
void phi::funcs::VectorizedElementwiseKernel<bool, phi::funcs::BitwiseNotFunctor<bool>,...  10      0.03 / 0.00 / 0.00 / 0.00 / 0.00          
void phi::funcs::StackCudaKernel<int, int, phi::funcs::ConstPointerArray<int, (phi::fun...  7       0.03 / 0.00 / 0.00 / 0.00 / 0.00          
void phi::funcs::TilingSwapDim1And2<unsigned int, 64, 64, 15, int>                          3       0.03 / 0.01 / 0.01 / 0.01 / 0.00          
void cask_cudnn::computeOffsetsKernel3D<false>                                              5       0.02 / 0.00 / 0.01 / 0.00 / 0.00          
void phi::funcs::TilingSwapDim1And2<unsigned int, 64, 15, 64, int>                          3       0.02 / 0.01 / 0.01 / 0.01 / 0.00          
void cudnn::cnn::kern_precompute_indices<false>                                             3       0.02 / 0.01 / 0.01 / 0.01 / 0.00          
void cub::DeviceReduceKernel<cub::DeviceReducePolicy<float, float, int, phi::kps::MaxFu...  3       0.02 / 0.01 / 0.01 / 0.00 / 0.00          
void cub::DeviceReduceSingleTileKernel<cub::DeviceReducePolicy<float, float, int, phi::...  3       0.01 / 0.00 / 0.00 / 0.00 / 0.00          
void phi::funcs::StackCudaKernel<int, int, phi::funcs::ConstPointerArray<int, (phi::fun...  3       0.01 / 0.00 / 0.00 / 0.00 / 0.00          
void phi::funcs::VectorizedElementwiseKernel<long, phi::kps::IdentityFunctor<long, long...  3       0.01 / 0.00 / 0.00 / 0.00 / 0.00          
void phi::funcs::TilingSwapDim1And2<unsigned int, 128, 128, 8, int>                         1       0.01 / 0.01 / 0.01 / 0.01 / 0.00          
void phi::funcs::TilingSwapDim1And2<unsigned int, 128, 8, 128, int>                         1       0.01 / 0.01 / 0.01 / 0.01 / 0.00          
void phi::funcs::StackCudaKernel<int, int, phi::funcs::ConstPointerArray<int, (phi::fun...  2       0.01 / 0.00 / 0.00 / 0.00 / 0.00          
void phi::funcs::ConcatTensorWithSameShape<int, 4, phi::funcs::AlignedPointerWrapper<fl...  1       0.00 / 0.00 / 0.00 / 0.00 / 0.00          
void phi::funcs::ConcatTensorWithSameShape<int, 8, phi::funcs::AlignedPointerWrapper<fl...  1       0.00 / 0.00 / 0.00 / 0.00 / 0.00          
------------------------------------------------------------------------------------------  ------  ----------------------------------------  


-------------------------------------------------Memory Manipulation Summary-------------------------------------------------
Time unit: ms
---------------------------------  ------  ----------------------------------------  ----------------------------------------  
Name                               Calls   CPU Total / Avg / Max / Min / Ratio(%)    GPU Total / Avg / Max / Min / Ratio(%)    
---------------------------------  ------  ----------------------------------------  ----------------------------------------  
GpuMemcpyAsync(same_gpu):GPU->GPU  520     7.07 / 0.01 / 0.04 / 0.01 / 0.10          43.94 / 0.08 / 1.06 / 0.00 / 0.66         
GpuMemcpyAsync:CPU->GPU            260     2.60 / 0.01 / 0.03 / 0.01 / 0.04          0.30 / 0.00 / 0.00 / 0.00 / 0.00          
GpuMemcpySync:GPU->CPU             84      4.21 / 0.05 / 0.18 / 0.02 / 0.06          0.10 / 0.00 / 0.00 / 0.00 / 0.00          
GpuMemcpySync:CPU->GPU             20      0.62 / 0.03 / 0.06 / 0.02 / 0.01          0.02 / 0.00 / 0.00 / 0.00 / 0.00          
GpuMemcpyAsync:GPU->CPU            230     1767.69 / 7.69 / 166.56 / 0.02 / 25.16    70.05 / 0.30 / 4.22 / 0.00 / 1.06         
GpuMemcpySync:CUDAPinned->GPU      80      186.07 / 2.33 / 25.27 / 0.02 / 2.65       18.09 / 0.23 / 2.50 / 0.00 / 0.27         
BufferedReader:MemoryCopy          9       46.60 / 5.18 / 6.28 / 4.54 / 0.66         0.00 / 0.00 / 0.00 / 0.00 / 0.00          
---------------------------------  ------  ----------------------------------------  ----------------------------------------  


----------------------------------------------------------------UserDefined Summary-----------------------------------------------------------------
Time unit: ms
----------------------------------------------------  ------  ------------------------------------------  ------------------------------------------  
Name                                                  Calls   CPU Total / Avg / Max / Min / Ratio(%)      GPU Total / Avg / Max / Min / Ratio(%)      
----------------------------------------------------  ------  ------------------------------------------  ------------------------------------------  
-------------------------------------------------------------Thread: All threads merged-------------------------------------------------------------
MaskRCNN::bbox_head                                   10      1788.71 / 178.87 / 183.81 / 175.95 / 25.46  1703.66 / 170.37 / 171.78 / 168.90 / 25.69  
BBox::head                                            10      35.05 / 3.51 / 4.35 / 3.03 / 0.50           1574.39 / 157.44 / 158.54 / 156.48 / 23.74  
MaskRCNN::rpn_head                                    10      447.82 / 44.78 / 52.67 / 32.98 / 6.37       190.08 / 19.01 / 21.45 / 17.03 / 2.87       
BBox::roi_extractor                                   10      2.24 / 0.22 / 0.27 / 0.20 / 0.03            102.95 / 10.30 / 12.68 / 9.18 / 1.55        
RPNHead::gen_proposal                                 10      322.72 / 32.27 / 40.84 / 21.86 / 4.59       99.50 / 9.95 / 10.50 / 8.86 / 1.50          
RPNHead::rpn_feat                                     10      5.45 / 0.54 / 0.63 / 0.47 / 0.08            66.64 / 6.66 / 9.01 / 4.84 / 1.00           
MaskRCNN::mask_head                                   10      213.12 / 21.31 / 32.17 / 13.97 / 3.03       44.89 / 4.49 / 7.12 / 2.13 / 0.68           
MaskHead::head                                        10      7.39 / 0.74 / 0.89 / 0.62 / 0.11            36.24 / 3.62 / 5.86 / 1.64 / 0.55           
RPNHead::get_loss                                     10      102.36 / 10.24 / 13.16 / 9.06 / 1.46        20.93 / 2.09 / 2.47 / 1.92 / 0.32           
RPNHead::rpn_target_assign                            10      91.52 / 9.15 / 11.73 / 8.10 / 1.30          19.45 / 1.95 / 2.30 / 1.78 / 0.29           
BBox::bbox_assigner                                   10      60.30 / 6.03 / 8.41 / 5.24 / 0.86           7.26 / 0.73 / 0.75 / 0.71 / 0.11            
BBox::get_loss                                        10      1684.18 / 168.42 / 170.27 / 166.88 / 23.97  3.03 / 0.30 / 0.30 / 0.30 / 0.05            
MaskHead::assign_mask                                 10      164.92 / 16.49 / 25.03 / 11.04 / 2.35       3.00 / 0.30 / 0.40 / 0.20 / 0.05            
MaskHead::mask_fcn_logits                             10      5.10 / 0.51 / 0.75 / 0.45 / 0.07            1.96 / 0.20 / 0.30 / 0.09 / 0.03            
MaskHead::get_loss                                    10      34.05 / 3.40 / 5.82 / 1.09 / 0.48           1.85 / 0.19 / 0.26 / 0.12 / 0.03            
MaskHead::roi_extractor                               10      0.45 / 0.05 / 0.05 / 0.03 / 0.01            1.84 / 0.18 / 0.30 / 0.08 / 0.03            
MaskHead::assign_mask::rasterize_polygons_within_box  20      147.93 / 7.40 / 13.45 / 1.26 / 2.11         1.62 / 0.08 / 0.15 / 0.01 / 0.02            
RPNHead::generate_pos_ind                             10      0.78 / 0.08 / 0.10 / 0.07 / 0.01            0.21 / 0.02 / 0.02 / 0.02 / 0.00            
RPNHead::generate_valid_ind                           10      0.63 / 0.06 / 0.08 / 0.06 / 0.01            0.18 / 0.02 / 0.02 / 0.02 / 0.00            



[09/19 01:05:38] ppdet.engine INFO: Epoch: [0] [   19/12500] learning_rate: 0.000002 loss_mask: 0.364418 loss_rpn_cls: 0.102805 loss_rpn_reg: 0.169291 loss_bbox_cls: 0.293553 loss_bbox_reg: 0.314274 loss: 1.244342 eta: 5:15:44 batch_cost: 8.7737 data_cost: 0.0010 ips: 0.2280 images/s
>>> [1024]
[09/19 01:05:39] ppdet.engine INFO: Epoch: [0] [   20/12500] learning_rate: 0.000002 loss_mask: 0.855556 loss_rpn_cls: 0.096617 loss_rpn_reg: 0.295523 loss_bbox_cls: 0.131239 loss_bbox_reg: 0.110494 loss: 1.489429 eta: 5:07:27 batch_cost: 0.6837 data_cost: 0.0004 ips: 2.9252 images/s
>>> [1024]
[09/19 01:05:40] ppdet.engine INFO: Epoch: [0] [   21/12500] learning_rate: 0.000002 loss_mask: 0.537124 loss_rpn_cls: 0.049173 loss_rpn_reg: 0.029518 loss_bbox_cls: 0.120258 loss_bbox_reg: 0.172464 loss: 0.908537 eta: 4:59:51 batch_cost: 0.6777 data_cost: 0.0007 ips: 2.9510 images/s
>>> [1024]
[09/19 01:05:41] ppdet.engine INFO: Epoch: [0] [   22/12500] learning_rate: 0.000002 loss_mask: 1.061670 loss_rpn_cls: 0.102045 loss_rpn_reg: 0.305253 loss_bbox_cls: 0.216345 loss_bbox_reg: 0.300090 loss: 1.985403 eta: 4:53:17 batch_cost: 0.7180 data_cost: 0.0012 ips: 2.7855 images/s
>>> [1024]
[09/19 01:05:41] ppdet.engine INFO: Epoch: [0] [   23/12500] learning_rate: 0.000002 loss_mask: 0.728496 loss_rpn_cls: 0.092335 loss_rpn_reg: 0.198294 loss_bbox_cls: 0.302414 loss_bbox_reg: 0.362942 loss: 1.684481 eta: 4:47:16 batch_cost: 0.7176 data_cost: 0.0010 ips: 2.7870 images/s
>>> [1024]
[09/19 01:05:42] ppdet.engine INFO: Epoch: [0] [   24/12500] learning_rate: 0.000002 loss_mask: 0.561695 loss_rpn_cls: 0.080192 loss_rpn_reg: 0.091227 loss_bbox_cls: 0.057865 loss_bbox_reg: 0.067421 loss: 0.858399 eta: 4:41:29 batch_cost: 0.6888 data_cost: 0.0004 ips: 2.9038 images/s
>>> [1024]
[09/19 01:05:43] ppdet.engine INFO: Epoch: [0] [   25/12500] learning_rate: 0.000003 loss_mask: 0.647580 loss_rpn_cls: 0.111228 loss_rpn_reg: 0.230762 loss_bbox_cls: 0.151562 loss_bbox_reg: 0.225018 loss: 1.366149 eta: 4:36:08 batch_cost: 0.6891 data_cost: 0.0009 ips: 2.9025 images/s
>>> [1024]
[09/19 01:05:43] ppdet.engine INFO: Epoch: [0] [   26/12500] learning_rate: 0.000003 loss_mask: 1.102332 loss_rpn_cls: 0.041111 loss_rpn_reg: 0.090799 loss_bbox_cls: 0.111234 loss_bbox_reg: 0.136308 loss: 1.481785 eta: 4:31:18 batch_cost: 0.7036 data_cost: 0.0007 ips: 2.8425 images/s
>>> [1024]
[09/19 01:05:44] ppdet.engine INFO: Epoch: [0] [   27/12500] learning_rate: 0.000003 loss_mask: 1.192740 loss_rpn_cls: 0.047040 loss_rpn_reg: 0.053357 loss_bbox_cls: 0.085488 loss_bbox_reg: 0.122677 loss: 1.501302 eta: 4:26:45 batch_cost: 0.6950 data_cost: 0.0008 ips: 2.8778 images/s
>>> [1024]
[09/19 01:05:45] ppdet.engine INFO: Epoch: [0] [   28/12500] learning_rate: 0.000003 loss_mask: 0.823390 loss_rpn_cls: 0.024420 loss_rpn_reg: 0.035673 loss_bbox_cls: 0.030515 loss_bbox_reg: 0.050534 loss: 0.964533 eta: 4:22:18 batch_cost: 0.6651 data_cost: 0.0004 ips: 3.0071 images/s
>>> [1024]
[09/19 01:05:45] ppdet.engine INFO: Epoch: [0] [   29/12500] learning_rate: 0.000003 loss_mask: 0.748738 loss_rpn_cls: 0.140858 loss_rpn_reg: 0.143313 loss_bbox_cls: 0.278596 loss_bbox_reg: 0.442861 loss: 1.754365 eta: 4:18:19 batch_cost: 0.6899 data_cost: 0.0007 ips: 2.8991 images/s
>>> [1024]
[09/19 01:05:46] ppdet.engine INFO: Epoch: [0] [   30/12500] learning_rate: 0.000003 loss_mask: 0.850073 loss_rpn_cls: 0.089664 loss_rpn_reg: 0.081758 loss_bbox_cls: 0.122914 loss_bbox_reg: 0.229233 loss: 1.373642 eta: 4:14:44 batch_cost: 0.7098 data_cost: 0.0010 ips: 2.8175 images/s
>>> [1024]
[09/19 01:05:47] ppdet.engine INFO: Epoch: [0] [   31/12500] learning_rate: 0.000003 loss_mask: 0.453983 loss_rpn_cls: 0.065278 loss_rpn_reg: 0.188122 loss_bbox_cls: 0.127816 loss_bbox_reg: 0.172125 loss: 1.007324 eta: 4:11:08 batch_cost: 0.6766 data_cost: 0.0010 ips: 2.9558 images/s
>>> [1024]
[09/19 01:05:47] ppdet.engine INFO: Epoch: [0] [   32/12500] learning_rate: 0.000003 loss_mask: 0.608744 loss_rpn_cls: 0.077631 loss_rpn_reg: 0.078656 loss_bbox_cls: 0.247908 loss_bbox_reg: 0.473721 loss: 1.486661 eta: 4:07:49 batch_cost: 0.6849 data_cost: 0.0011 ips: 2.9200 images/s
>>> [1024]
[09/19 01:05:48] ppdet.engine INFO: Epoch: [0] [   33/12500] learning_rate: 0.000003 loss_mask: 1.117286 loss_rpn_cls: 0.026084 loss_rpn_reg: 0.084847 loss_bbox_cls: 0.061926 loss_bbox_reg: 0.148619 loss: 1.438761 eta: 4:04:39 batch_cost: 0.6766 data_cost: 0.0006 ips: 2.9561 images/s
>>> [1024]
[09/19 01:05:49] ppdet.engine INFO: Epoch: [0] [   34/12500] learning_rate: 0.000003 loss_mask: 0.472799 loss_rpn_cls: 0.078901 loss_rpn_reg: 0.051290 loss_bbox_cls: 0.117639 loss_bbox_reg: 0.243703 loss: 0.964332 eta: 4:01:49 batch_cost: 0.7033 data_cost: 0.0009 ips: 2.8437 images/s
>>> [1024]
[09/19 01:05:50] ppdet.engine INFO: Epoch: [0] [   35/12500] learning_rate: 0.000004 loss_mask: 0.694393 loss_rpn_cls: 0.028403 loss_rpn_reg: 0.020280 loss_bbox_cls: 0.031393 loss_bbox_reg: 0.061675 loss: 0.836144 eta: 3:59:01 batch_cost: 0.6827 data_cost: 0.0004 ips: 2.9294 images/s
>>> [1024]
[09/19 01:05:50] ppdet.engine INFO: Epoch: [0] [   36/12500] learning_rate: 0.000004 loss_mask: 0.728442 loss_rpn_cls: 0.669221 loss_rpn_reg: 0.164322 loss_bbox_cls: 0.333651 loss_bbox_reg: 0.176298 loss: 2.071934 eta: 3:56:24 batch_cost: 0.6864 data_cost: 0.0010 ips: 2.9138 images/s
>>> [1024]
[09/19 01:05:51] ppdet.engine INFO: Epoch: [0] [   37/12500] learning_rate: 0.000004 loss_mask: 0.953992 loss_rpn_cls: 0.069338 loss_rpn_reg: 0.173641 loss_bbox_cls: 0.137777 loss_bbox_reg: 0.265175 loss: 1.599923 eta: 3:54:00 batch_cost: 0.7033 data_cost: 0.0013 ips: 2.8437 images/s
>>> [1024]
[09/19 01:05:52] ppdet.engine INFO: Epoch: [0] [   38/12500] learning_rate: 0.000004 loss_mask: 0.651769 loss_rpn_cls: 0.050635 loss_rpn_reg: 0.133460 loss_bbox_cls: 0.274914 loss_bbox_reg: 0.399566 loss: 1.510344 eta: 3:51:42 batch_cost: 0.6979 data_cost: 0.0009 ips: 2.8659 images/s
>>> [1024]
[09/19 01:05:52] ppdet.engine INFO: Epoch: [0] [   39/12500] learning_rate: 0.000004 loss_mask: 0.647466 loss_rpn_cls: 0.024638 loss_rpn_reg: 0.115890 loss_bbox_cls: 0.090389 loss_bbox_reg: 0.149179 loss: 1.027562 eta: 3:49:22 batch_cost: 0.6719 data_cost: 0.0007 ips: 2.9768 images/s
>>> [1024]
============================================Perf Summary============================================
Reader Ratio: 0.070%
Time Unit: s, IPS Unit: steps/s
|                 |       avg       |       max       |       min       |
|   reader_cost   |     0.00078     |     0.00123     |     0.00035     |
|    batch_cost   |     1.11141     |     8.75061     |     0.67421     |
|       ips       |     0.89976     |     1.48321     |     0.11428     |
